[preview.themeforest.net/item/smarthr-bootstrap-admin-panel-template/full_screen_preview/211531502425.html]
[backblue.gif]
[fade.gif]
[index.html]
[public-assets.envato-static.com/assets/market/core/index-a38bf5e5a69c279f522d3b417e7542e5d1cbc7d653efb7fd9d63ac4036312ac6.css]
[public-assets.envato-static.com/icons/themeforest.net/apple-touch-icon-114x114-precomposed.png]
[public-assets.envato-static.com/icons/themeforest.net/apple-touch-icon-144x144-precomposed.png]
[public-assets.envato-static.com/icons/themeforest.net/apple-touch-icon-72x72-precomposed.png]
[public-assets.envato-static.com/assets/market/pages/full_screen_preview/index-212bf71ee40bef81ab31322c82c7357847ede126dcc76b32e47da0b7dba8911f.js]
[public-assets.envato-static.com/icons/themeforest.net/apple-touch-icon-precomposed.png]
[dreamguys.co.in/smarthr/index.html]
[themeforest.net/item/smarthr-bootstrap-admin-panel-template/21153150.html]
[consent.cookiebot.com/uc.js]
[preview.themeforest.net/item/smarthr-bootstrap-admin-panel-template/full_screen_preview/211531502425.html]
[s3.envato.com/index.html]
[public-assets.envato-static.com/assets/market/core/index-a38bf5e5a69c279f522d3b417e7542e5d1cbc7d653efb7fd9d63ac4036312ac6.css]
[public-assets.envato-static.com/assets/market/pages/preview/index-004d35cdd5d555cdd3e956d1b916825642de06529f0fe91fd9f390813761d2fc.css]
[public-assets.envato-static.com/assets/common/pagination_loader-7fb337642f4cde133550f90749ee6eeb94b0d56dce6ae041cacc18c2bae22699.gif]
[www.google-analytics.com/analytics.js]
[public-assets.envato-static.com/assets/market/pages/default/index-72800f7f30bd477398be4c01fcc6b0d6eba09e93a76642467499c8788856045c.css]
[public-assets.envato-static.com/assets/common/transparent-1px-93ae7d494fad0fb30cbf3ae746a39c4bc7a0f8bbf87fbb587a3f3c01f3c5ce20.png]
[public-assets.envato-static.com/assets/market/core/head-df4183f2f1b84caa8ad6707c533e562f18a9eaae2b2e4d2081cf439c23343ad3.js]
[themeforest.net/item/smarthr-bootstrap-admin-panel-template/reviews/21153150.html]
[previews-themeforest.imgix.net/files/261692030/Banner New-with-angular.__large_preview31b3.jpg]
[themeforest.net/item/smarthr-bootstrap-admin-panel-template/21153150/comments.html]
[themeforest.net/item/smarthr-bootstrap-admin-panel-template/21153150/support.html]
[s3.envato.com/files/259307604/thumbnail new.png]
[preview.themeforest.net/item/smarthr-bootstrap-admin-panel-template/full_screen_preview/21153150.html]
[dreamguys.co.in/smarthr/light/index.html]
[dreamguys.co.in/smarthr/dark/index.html]
[public-assets.envato-static.com/assets/market/core/index-c8a0c71007fd170bfee7a56b0812ddbd2d6ff1f349cc0f8e15771b2131e62ee5.js]
[dreamguys.co.in/smarthr/maroon/index.html]
[dreamguys.co.in/smarthr/blue/index.html]
[dreamguys.co.in/smarthr/orange/index.html]
[dreamguys.co.in/smarthr/purple/index.html]
[public-assets.envato-static.com/assets/market/pages/default/index-17546057a983d8935efb66e57f1e32470a0e476275bad8b4ca6318db4c3ad636.js]
[dreamguys.co.in/smarthr/rtl/index.html]
[themeforest.net/item/smarthr-bootstrap-admin-panel-template/linkid.js]
[themeforest.net/item/smarthr-bootstrap-admin-panel-template/21153150.html]
[dreamguys.co.in/smarthr/index.html]
[preview.themeforest.net/item/smarthr-bootstrap-admin-panel-template/full_screen_preview/linkid.html]
[dreamguys.co.in/smarthr/assets/img/smarthr.jpg]
[www.googletagmanager.com/gtm5445.html]
[dreamguys.co.in/smarthr/assets/css/bootstrap.min.css]
[dreamguys.co.in/smarthr/assets/css/line-awesome.min.css]
[dreamguys.co.in/smarthr/assets/img/favicon.png]
[public-assets.envato-static.com/assets/market/core/lazyload-5315ade2c4aa09869ae52bad5f4e45ea446b86d4365327a7d9ba005397379ac3.js]
[dreamguys.co.in/smarthr/assets/css/aos.css]
[dreamguys.co.in/smarthr/assets/css/owl.carousel.min.css]
[public-assets.envato-static.com/assets/market/pages/default/index-72800f7f30bd477398be4c01fcc6b0d6eba09e93a76642467499c8788856045c.css]
[dreamguys.co.in/smarthr/assets/css/owl.theme.default.min.css]
[dreamguys.co.in/smarthr/assets/css/style.css]
[dreamguys.co.in/smarthr/assets/img/logo-light.png]
[dreamguys.co.in/smarthr/assets/img/logo.png]
[dreamguys.co.in/smarthr/assets/img/screen1.jpg]
[dreamguys.co.in/smarthr/assets/img/screen2.jpg]
[themeforest.net/item/smarthr-bootstrap-admin-panel-template/reviews/linkid.50.delayed]
[themeforest.net/item/smarthr-bootstrap-admin-panel-template/reviews/21153150.html]
[dreamguys.co.in/smarthr/assets/img/screen3.jpg]
[dreamguys.co.in/smarthr/assets/img/screen4.jpg]
[themeforest.net/item/smarthr-bootstrap-admin-panel-template/21153150/linkid.js]
[themeforest.net/item/smarthr-bootstrap-admin-panel-template/21153150/comments.html]
[dreamguys.co.in/smarthr/assets/img/screen6.jpg]
[dreamguys.co.in/smarthr/assets/img/screen7.jpg]
[themeforest.net/item/smarthr-bootstrap-admin-panel-template/21153150/support.html]
[dreamguys.co.in/smarthr/assets/img/screen5.jpg]
[preview.themeforest.net/item/smarthr-bootstrap-admin-panel-template/full_screen_preview/21153150.html]
[dreamguys.co.in/smarthr/assets/img/screen8.jpg]
[dreamguys.co.in/smarthr/assets/img/soon.jpg]
[dreamguys.co.in/smarthr/assets/img/screen9.jpg]
[dreamguys.co.in/smarthr/assets/img/screen11.jpg]
[dreamguys.co.in/smarthr/assets/img/screen10.jpg]
[dreamguys.co.in/smarthr/assets/img/screen13.jpg]
[dreamguys.co.in/smarthr/light/index.html]
[dreamguys.co.in/smarthr/assets/img/screen14.jpg]
[dreamguys.co.in/smarthr/assets/img/screen15.jpg]
[dreamguys.co.in/smarthr/assets/img/screen12.jpg]
[dreamguys.co.in/smarthr/assets/img/themeforest.png]
[dreamguys.co.in/smarthr/assets/img/codecanyon.png]
[dreamguys.co.in/smarthr/dark/index.html]
[dreamguys.co.in/smarthr/assets/img/preadmin.png]
[dreamguys.co.in/smarthr/assets/img/medifab.png]
[dreamguys.co.in/smarthr/assets/img/dhr.png]
[dreamguys.co.in/smarthr/blue/index.html]
[dreamguys.co.in/smarthr/assets/img/dreamguys.png]
[dreamguys.co.in/smarthr/assets/js/popper.min.js]
[dreamguys.co.in/smarthr/assets/js/jquery-1.12.4.min.js]
[dreamguys.co.in/smarthr/assets/js/bootstrap.min.js]
[dreamguys.co.in/smarthr/assets/js/jquery.validate.min.js]
[dreamguys.co.in/smarthr/maroon/index.html]
[dreamguys.co.in/smarthr/assets/js/jquery.easing.min.js]
[dreamguys.co.in/smarthr/assets/js/owl.carousel.min.js]
[dreamguys.co.in/smarthr/orange/index.html]
[dreamguys.co.in/smarthr/assets/js/main.js]
[dreamguys.co.in/smarthr/assets/js/aos.js]
[dreamguys.co.in/smarthr/contact.html]
[public-assets.envato-static.com/assets/homepage_banner-5fd7aa3d7595431c2a83cc50e8d74606f21e3679d7d1d49c64311ffe080dbb82.jpg]
[public-assets.envato-static.com/assets/header-footer/cross-sell__studio-cea5f47ba6cb30d4be16906c50b3d233125827f51efd0057098e296142e01e37.jpg]
[public-assets.envato-static.com/assets/header-footer/cross-sell__elements-33380831a942a766c3fdd66d33d77435106b10749edfe92591bf779e2dad478d.jpg]
[public-assets.envato-static.com/assets/header-footer/cross-sell__placeit-8022877c3f85406403899b8224866ef956ebf43b5036945a8faab77a01eb5f90.jpg]
[public-assets.envato-static.com/assets/common/icons-buttons/default-user-2962fd43ee315eafee8bfc08f02fee84687beb0499de44e5ab2873399944b0fe.jpg]
[dreamguys.co.in/smarthr/light/assets/img/favicon.png]
[dreamguys.co.in/smarthr/light/assets/css/bootstrap.min.css]
[dreamguys.co.in/smarthr/purple/index.html]
[dreamguys.co.in/smarthr/light/assets/css/font-awesome.min.css]
[dreamguys.co.in/smarthr/light/assets/css/line-awesome.min.css]
[themeforest.net/item/smarthr-bootstrap-admin-panel-template/21153150/comments2679.html]
[dreamguys.co.in/smarthr/light/assets/plugins/morris/morris.css]
[dreamguys.co.in/smarthr/light/assets/css/style.css]
[dreamguys.co.in/smarthr/rtl/index.html]
[themeforest.net/item/smarthr-bootstrap-admin-panel-template/linkid.js]
[dreamguys.co.in/smarthr/light/activities.html]
[dreamguys.co.in/smarthr/assets/css/bootstrap.min.css]
[dreamguys.co.in/smarthr/light/edit-profile.html]
[dreamguys.co.in/smarthr/light/profile.html]
[dreamguys.co.in/smarthr/light/login.html]
[dreamguys.co.in/smarthr/light/settings.html]
[dreamguys.co.in/smarthr/light/assets/img/logo.png]
[dreamguys.co.in/smarthr/light/assets/img/user.jpg]
[dreamguys.co.in/smarthr/light/employees.html]
[dreamguys.co.in/smarthr/light/holidays.html]
[dreamguys.co.in/smarthr/light/leaves.html]
[dreamguys.co.in/smarthr/light/departments.html]
[dreamguys.co.in/smarthr/assets/css/line-awesome.min.css]
[dreamguys.co.in/smarthr/assets/css/aos.css]
[dreamguys.co.in/smarthr/light/attendance.html]
[dreamguys.co.in/smarthr/light/designations.html]
[dreamguys.co.in/smarthr/light/clients.html]
[dreamguys.co.in/smarthr/light/projects.html]
[dreamguys.co.in/smarthr/light/tasks.html]
[dreamguys.co.in/smarthr/light/voice-call.html]
[dreamguys.co.in/smarthr/light/video-call.html]
[dreamguys.co.in/smarthr/light/incoming-call.html]
[dreamguys.co.in/smarthr/light/contacts.html]
[dreamguys.co.in/smarthr/light/leads.html]
[dreamguys.co.in/smarthr/light/estimates.html]
[dreamguys.co.in/smarthr/light/invoices.html]
[dreamguys.co.in/smarthr/light/payments.html]
[dreamguys.co.in/smarthr/light/expenses.html]
[dreamguys.co.in/smarthr/light/provident-fund.html]
[dreamguys.co.in/smarthr/light/taxes.html]
[dreamguys.co.in/smarthr/light/salary.html]
[dreamguys.co.in/smarthr/light/salary-view.html]
[dreamguys.co.in/smarthr/light/worksheet.html]
[dreamguys.co.in/smarthr/light/jobs.html]
[dreamguys.co.in/smarthr/light/job-applicants.html]
[dreamguys.co.in/smarthr/light/tickets.html]
[dreamguys.co.in/smarthr/assets/css/owl.carousel.min.css]
[dreamguys.co.in/smarthr/assets/css/owl.theme.default.min.css]
[dreamguys.co.in/smarthr/light/events.html]
[dreamguys.co.in/smarthr/light/inbox.html]
[dreamguys.co.in/smarthr/light/users.html]
[dreamguys.co.in/smarthr/light/chat.html]
[dreamguys.co.in/smarthr/light/assets.html]
[dreamguys.co.in/smarthr/assets/css/style.css]
[dreamguys.co.in/smarthr/contact.html]
[public-assets.envato-static.com/assets/market/pages/images/down.png]
[dreamguys.co.in/smarthr/light/register.html]
[dreamguys.co.in/smarthr/light/forgot-password.html]
[themeforest.net/item/smarthr-bootstrap-admin-panel-template/reviews/linkid.js]
[dreamguys.co.in/smarthr/light/invoice-reports.html]
[dreamguys.co.in/smarthr/light/expense-reports.html]
[dreamguys.co.in/smarthr/light/invoice-view.html]
[dreamguys.co.in/smarthr/light/client-profile.html]
[themeforest.net/item/smarthr-bootstrap-admin-panel-template/21153150/comments2679.html]
[themeforest.net/item/smarthr-bootstrap-admin-panel-template/21153150/linkid.js]
[dreamguys.co.in/smarthr/light/project-view.html]
[dreamguys.co.in/smarthr/light/assets/css/bootstrap.min.css]
[dreamguys.co.in/smarthr/light/assets/js/jquery-3.2.1.min.js]
[dreamguys.co.in/smarthr/light/assets/js/bootstrap.min.js]
[dreamguys.co.in/smarthr/light/assets/css/font-awesome.min.css]
[dreamguys.co.in/smarthr/light/assets/js/jquery.slimscroll.js]
[dreamguys.co.in/smarthr/light/assets/plugins/morris/morris.min.js]
[dreamguys.co.in/smarthr/light/assets/plugins/raphael/raphael-min.js]
[dreamguys.co.in/smarthr/light/assets/js/chart.js]
[dreamguys.co.in/smarthr/light/assets/css/line-awesome.min.css]
[dreamguys.co.in/smarthr/light/assets/plugins/morris/morris.css]
[dreamguys.co.in/smarthr/light/assets/css/style.css]
[dreamguys.co.in/smarthr/light/assets/js/app.js]
[dreamguys.co.in/smarthr/dark/assets/css/font-awesome.min.css]
[dreamguys.co.in/smarthr/dark/assets/css/bootstrap.min.css]
[dreamguys.co.in/smarthr/light/activities.html]
[dreamguys.co.in/smarthr/dark/assets/plugins/morris/morris.css]
[dreamguys.co.in/smarthr/dark/assets/css/line-awesome.min.css]
[dreamguys.co.in/smarthr/dark/assets/css/style.css]
[dreamguys.co.in/smarthr/light/profile.html]
[dreamguys.co.in/smarthr/dark/activities.html]
[dreamguys.co.in/smarthr/dark/assets/img/favicon.png]
[dreamguys.co.in/smarthr/dark/profile.html]
[dreamguys.co.in/smarthr/light/edit-profile.html]
[dreamguys.co.in/smarthr/dark/settings.html]
[dreamguys.co.in/smarthr/dark/edit-profile.html]
[dreamguys.co.in/smarthr/dark/assets/img/logo.png]
[dreamguys.co.in/smarthr/dark/assets/img/user.jpg]
[dreamguys.co.in/smarthr/dark/login.html]
[dreamguys.co.in/smarthr/light/settings.html]
[dreamguys.co.in/smarthr/light/login.html]
[dreamguys.co.in/smarthr/dark/employees.html]
[dreamguys.co.in/smarthr/dark/leaves.html]
[dreamguys.co.in/smarthr/dark/holidays.html]
[dreamguys.co.in/smarthr/dark/attendance.html]
[dreamguys.co.in/smarthr/dark/departments.html]
[dreamguys.co.in/smarthr/light/employees.html]
[dreamguys.co.in/smarthr/light/holidays.html]
[dreamguys.co.in/smarthr/dark/clients.html]
[dreamguys.co.in/smarthr/dark/designations.html]
[dreamguys.co.in/smarthr/dark/projects.html]
[dreamguys.co.in/smarthr/dark/tasks.html]
[dreamguys.co.in/smarthr/light/leaves.html]
[dreamguys.co.in/smarthr/light/attendance.html]
[dreamguys.co.in/smarthr/light/departments.html]
[dreamguys.co.in/smarthr/dark/video-call.html]
[dreamguys.co.in/smarthr/dark/voice-call.html]
[dreamguys.co.in/smarthr/dark/incoming-call.html]
[dreamguys.co.in/smarthr/dark/contacts.html]
[dreamguys.co.in/smarthr/light/designations.html]
[dreamguys.co.in/smarthr/dark/leads.html]
[dreamguys.co.in/smarthr/dark/estimates.html]
[dreamguys.co.in/smarthr/dark/invoices.html]
[dreamguys.co.in/smarthr/dark/payments.html]
[dreamguys.co.in/smarthr/dark/provident-fund.html]
[dreamguys.co.in/smarthr/light/clients.html]
[dreamguys.co.in/smarthr/dark/taxes.html]
[dreamguys.co.in/smarthr/dark/expenses.html]
[dreamguys.co.in/smarthr/dark/salary.html]
[dreamguys.co.in/smarthr/dark/salary-view.html]
[dreamguys.co.in/smarthr/dark/worksheet.html]
[dreamguys.co.in/smarthr/dark/jobs.html]
[dreamguys.co.in/smarthr/light/projects.html]
[dreamguys.co.in/smarthr/dark/job-applicants.html]
[dreamguys.co.in/smarthr/dark/tickets.html]
[dreamguys.co.in/smarthr/light/tasks.html]
[dreamguys.co.in/smarthr/light/voice-call.html]
[dreamguys.co.in/smarthr/light/video-call.html]
[dreamguys.co.in/smarthr/dark/inbox.html]
[dreamguys.co.in/smarthr/dark/chat.html]
[dreamguys.co.in/smarthr/dark/events.html]
[dreamguys.co.in/smarthr/dark/assets.html]
[dreamguys.co.in/smarthr/light/incoming-call.html]
[dreamguys.co.in/smarthr/dark/users.html]
[dreamguys.co.in/smarthr/dark/expense-reports.html]
[dreamguys.co.in/smarthr/dark/invoice-reports.html]
[dreamguys.co.in/smarthr/dark/register.html]
[dreamguys.co.in/smarthr/dark/invoice-view.html]
[dreamguys.co.in/smarthr/dark/forgot-password.html]
[dreamguys.co.in/smarthr/light/contacts.html]
[dreamguys.co.in/smarthr/light/leads.html]
[dreamguys.co.in/smarthr/dark/assets/js/jquery-3.2.1.min.js]
[dreamguys.co.in/smarthr/dark/project-view.html]
[dreamguys.co.in/smarthr/dark/client-profile.html]
[dreamguys.co.in/smarthr/dark/assets/js/bootstrap.min.js]
[dreamguys.co.in/smarthr/light/estimates.html]
[dreamguys.co.in/smarthr/light/invoices.html]
[dreamguys.co.in/smarthr/light/payments.html]
[dreamguys.co.in/smarthr/dark/assets/js/chart.js]
[dreamguys.co.in/smarthr/dark/assets/plugins/morris/morris.min.js]
[dreamguys.co.in/smarthr/dark/assets/js/jquery.slimscroll.js]
[dreamguys.co.in/smarthr/light/expenses.html]
[dreamguys.co.in/smarthr/dark/assets/plugins/raphael/raphael-min.js]
[dreamguys.co.in/smarthr/dark/assets/js/app.js]
[dreamguys.co.in/smarthr/blue/assets/css/bootstrap.min.css]
[dreamguys.co.in/smarthr/blue/assets/css/font-awesome.min.css]
[dreamguys.co.in/smarthr/light/provident-fund.html]
[dreamguys.co.in/smarthr/blue/assets/plugins/morris/morris.css]
[dreamguys.co.in/smarthr/blue/assets/css/line-awesome.min.css]
[dreamguys.co.in/smarthr/light/taxes.html]
[dreamguys.co.in/smarthr/blue/assets/css/style.css]
[dreamguys.co.in/smarthr/light/salary.html]
[dreamguys.co.in/smarthr/blue/activities.html]
[dreamguys.co.in/smarthr/blue/profile.html]
[dreamguys.co.in/smarthr/light/salary-view.html]
[dreamguys.co.in/smarthr/blue/edit-profile.html]
[dreamguys.co.in/smarthr/blue/settings.html]
[dreamguys.co.in/smarthr/light/worksheet.html]
[dreamguys.co.in/smarthr/blue/login.html]
[dreamguys.co.in/smarthr/blue/assets/img/favicon.png]
[dreamguys.co.in/smarthr/blue/employees.html]
[dreamguys.co.in/smarthr/blue/holidays.html]
[dreamguys.co.in/smarthr/blue/assets/img/logo.png]
[dreamguys.co.in/smarthr/light/jobs.html]
[dreamguys.co.in/smarthr/blue/assets/img/user.jpg]
[dreamguys.co.in/smarthr/light/job-applicants.html]
[dreamguys.co.in/smarthr/blue/attendance.html]
[dreamguys.co.in/smarthr/blue/departments.html]
[dreamguys.co.in/smarthr/blue/leaves.html]
[dreamguys.co.in/smarthr/blue/designations.html]
[dreamguys.co.in/smarthr/blue/clients.html]
[dreamguys.co.in/smarthr/light/tickets.html]
[dreamguys.co.in/smarthr/blue/projects.html]
[dreamguys.co.in/smarthr/blue/tasks.html]
[dreamguys.co.in/smarthr/blue/voice-call.html]
[dreamguys.co.in/smarthr/blue/video-call.html]
[dreamguys.co.in/smarthr/blue/incoming-call.html]
[dreamguys.co.in/smarthr/blue/contacts.html]
[dreamguys.co.in/smarthr/blue/leads.html]
[dreamguys.co.in/smarthr/blue/estimates.html]
[dreamguys.co.in/smarthr/blue/invoices.html]
[dreamguys.co.in/smarthr/light/events.html]
[dreamguys.co.in/smarthr/light/inbox.html]
[dreamguys.co.in/smarthr/light/chat.html]
[dreamguys.co.in/smarthr/blue/expenses.html]
[dreamguys.co.in/smarthr/blue/payments.html]
[dreamguys.co.in/smarthr/blue/provident-fund.html]
[dreamguys.co.in/smarthr/blue/taxes.html]
[dreamguys.co.in/smarthr/light/assets.html]
[dreamguys.co.in/smarthr/blue/salary.html]
[dreamguys.co.in/smarthr/blue/salary-view.html]
[dreamguys.co.in/smarthr/blue/worksheet.html]
[dreamguys.co.in/smarthr/light/users.html]
[dreamguys.co.in/smarthr/blue/jobs.html]
[dreamguys.co.in/smarthr/light/expense-reports.html]
[dreamguys.co.in/smarthr/blue/job-applicants.html]
[dreamguys.co.in/smarthr/blue/tickets.html]
[dreamguys.co.in/smarthr/blue/events.html]
[dreamguys.co.in/smarthr/light/invoice-reports.html]
[dreamguys.co.in/smarthr/blue/inbox.html]
[dreamguys.co.in/smarthr/light/register.html]
[dreamguys.co.in/smarthr/blue/chat.html]
[dreamguys.co.in/smarthr/light/forgot-password.html]
[dreamguys.co.in/smarthr/blue/assets.html]
[dreamguys.co.in/smarthr/light/invoice-view.html]
[dreamguys.co.in/smarthr/blue/users.html]
[dreamguys.co.in/smarthr/light/client-profile.html]
[dreamguys.co.in/smarthr/blue/expense-reports.html]
[dreamguys.co.in/smarthr/light/project-view.html]
[dreamguys.co.in/smarthr/blue/invoice-reports.html]
[dreamguys.co.in/smarthr/blue/register.html]
[dreamguys.co.in/smarthr/blue/forgot-password.html]
[dreamguys.co.in/smarthr/blue/invoice-view.html]
[dreamguys.co.in/smarthr/blue/client-profile.html]
[dreamguys.co.in/smarthr/dark/assets/css/bootstrap.min.css]
[dreamguys.co.in/smarthr/dark/assets/css/font-awesome.min.css]
[dreamguys.co.in/smarthr/dark/assets/css/line-awesome.min.css]
[dreamguys.co.in/smarthr/blue/project-view.html]
[dreamguys.co.in/smarthr/blue/assets/js/bootstrap.min.js]
[dreamguys.co.in/smarthr/blue/assets/js/jquery.slimscroll.js]
[dreamguys.co.in/smarthr/blue/assets/js/jquery-3.2.1.min.js]
[dreamguys.co.in/smarthr/dark/assets/plugins/morris/morris.css]
[dreamguys.co.in/smarthr/blue/assets/plugins/raphael/raphael-min.js]
[dreamguys.co.in/smarthr/blue/assets/plugins/morris/morris.min.js]
[dreamguys.co.in/smarthr/blue/assets/js/app.js]
[dreamguys.co.in/smarthr/dark/assets/css/style.css]
[dreamguys.co.in/smarthr/blue/assets/js/chart.js]
[dreamguys.co.in/smarthr/dark/activities.html]
[dreamguys.co.in/smarthr/maroon/assets/css/font-awesome.min.css]
[dreamguys.co.in/smarthr/maroon/assets/css/bootstrap.min.css]
[dreamguys.co.in/smarthr/maroon/assets/css/line-awesome.min.css]
[dreamguys.co.in/smarthr/dark/profile.html]
[dreamguys.co.in/smarthr/maroon/assets/plugins/morris/morris.css]
[dreamguys.co.in/smarthr/maroon/assets/css/style.css]
[dreamguys.co.in/smarthr/maroon/assets/img/favicon.png]
[dreamguys.co.in/smarthr/maroon/assets/img/logo.png]
[dreamguys.co.in/smarthr/maroon/activities.html]
[dreamguys.co.in/smarthr/dark/edit-profile.html]
[dreamguys.co.in/smarthr/dark/settings.html]
[dreamguys.co.in/smarthr/dark/login.html]
[dreamguys.co.in/smarthr/maroon/profile.html]
[dreamguys.co.in/smarthr/maroon/edit-profile.html]
[dreamguys.co.in/smarthr/maroon/settings.html]
[dreamguys.co.in/smarthr/maroon/assets/img/user.jpg]
[dreamguys.co.in/smarthr/maroon/login.html]
[dreamguys.co.in/smarthr/dark/employees.html]
[dreamguys.co.in/smarthr/maroon/employees.html]
[dreamguys.co.in/smarthr/maroon/holidays.html]
[dreamguys.co.in/smarthr/dark/holidays.html]
[dreamguys.co.in/smarthr/maroon/leaves.html]
[dreamguys.co.in/smarthr/maroon/attendance.html]
[dreamguys.co.in/smarthr/maroon/departments.html]
[dreamguys.co.in/smarthr/maroon/designations.html]
[dreamguys.co.in/smarthr/maroon/clients.html]
[dreamguys.co.in/smarthr/maroon/projects.html]
[dreamguys.co.in/smarthr/maroon/voice-call.html]
[dreamguys.co.in/smarthr/dark/leaves.html]
[dreamguys.co.in/smarthr/dark/attendance.html]
[dreamguys.co.in/smarthr/maroon/tasks.html]
[dreamguys.co.in/smarthr/dark/departments.html]
[dreamguys.co.in/smarthr/maroon/incoming-call.html]
[dreamguys.co.in/smarthr/maroon/video-call.html]
[dreamguys.co.in/smarthr/maroon/contacts.html]
[dreamguys.co.in/smarthr/dark/designations.html]
[dreamguys.co.in/smarthr/maroon/leads.html]
[dreamguys.co.in/smarthr/maroon/estimates.html]
[dreamguys.co.in/smarthr/maroon/invoices.html]
[dreamguys.co.in/smarthr/dark/clients.html]
[dreamguys.co.in/smarthr/dark/projects.html]
[dreamguys.co.in/smarthr/maroon/expenses.html]
[dreamguys.co.in/smarthr/maroon/payments.html]
[dreamguys.co.in/smarthr/maroon/provident-fund.html]
[dreamguys.co.in/smarthr/dark/tasks.html]
[dreamguys.co.in/smarthr/dark/voice-call.html]
[dreamguys.co.in/smarthr/dark/video-call.html]
[dreamguys.co.in/smarthr/maroon/salary.html]
[dreamguys.co.in/smarthr/maroon/taxes.html]
[dreamguys.co.in/smarthr/maroon/salary-view.html]
[dreamguys.co.in/smarthr/maroon/worksheet.html]
[dreamguys.co.in/smarthr/dark/incoming-call.html]
[dreamguys.co.in/smarthr/maroon/jobs.html]
[dreamguys.co.in/smarthr/maroon/job-applicants.html]
[dreamguys.co.in/smarthr/maroon/tickets.html]
[dreamguys.co.in/smarthr/maroon/events.html]
[dreamguys.co.in/smarthr/maroon/inbox.html]
[dreamguys.co.in/smarthr/dark/contacts.html]
[dreamguys.co.in/smarthr/maroon/chat.html]
[dreamguys.co.in/smarthr/maroon/assets.html]
[dreamguys.co.in/smarthr/maroon/users.html]
[dreamguys.co.in/smarthr/dark/leads.html]
[dreamguys.co.in/smarthr/maroon/expense-reports.html]
[dreamguys.co.in/smarthr/maroon/invoice-reports.html]
[dreamguys.co.in/smarthr/maroon/register.html]
[dreamguys.co.in/smarthr/dark/estimates.html]
[dreamguys.co.in/smarthr/dark/invoices.html]
[dreamguys.co.in/smarthr/dark/payments.html]
[dreamguys.co.in/smarthr/maroon/forgot-password.html]
[dreamguys.co.in/smarthr/maroon/invoice-view.html]
[dreamguys.co.in/smarthr/maroon/client-profile.html]
[dreamguys.co.in/smarthr/maroon/project-view.html]
[dreamguys.co.in/smarthr/dark/expenses.html]
[dreamguys.co.in/smarthr/maroon/assets/js/bootstrap.min.js]
[dreamguys.co.in/smarthr/maroon/assets/js/jquery.slimscroll.js]
[dreamguys.co.in/smarthr/maroon/assets/js/jquery-3.2.1.min.js]
[dreamguys.co.in/smarthr/maroon/assets/plugins/morris/morris.min.js]
[dreamguys.co.in/smarthr/dark/provident-fund.html]
[dreamguys.co.in/smarthr/maroon/assets/js/chart.js]
[dreamguys.co.in/smarthr/maroon/assets/js/app.js]
[dreamguys.co.in/smarthr/maroon/assets/plugins/raphael/raphael-min.js]
[dreamguys.co.in/smarthr/dark/taxes.html]
[dreamguys.co.in/smarthr/dark/salary.html]
[dreamguys.co.in/smarthr/orange/assets/css/bootstrap.min.css]
[dreamguys.co.in/smarthr/dark/salary-view.html]
[dreamguys.co.in/smarthr/orange/assets/css/font-awesome.min.css]
[dreamguys.co.in/smarthr/orange/assets/css/line-awesome.min.css]
[dreamguys.co.in/smarthr/orange/assets/plugins/morris/morris.css]
[dreamguys.co.in/smarthr/dark/worksheet.html]
[dreamguys.co.in/smarthr/orange/assets/css/style.css]
[dreamguys.co.in/smarthr/orange/activities.html]
[dreamguys.co.in/smarthr/orange/assets/img/favicon.png]
[dreamguys.co.in/smarthr/dark/jobs.html]
[dreamguys.co.in/smarthr/orange/assets/img/logo.png]
[dreamguys.co.in/smarthr/orange/profile.html]
[dreamguys.co.in/smarthr/orange/edit-profile.html]
[dreamguys.co.in/smarthr/dark/job-applicants.html]
[dreamguys.co.in/smarthr/orange/login.html]
[dreamguys.co.in/smarthr/orange/settings.html]
[dreamguys.co.in/smarthr/orange/employees.html]
[dreamguys.co.in/smarthr/orange/holidays.html]
[dreamguys.co.in/smarthr/orange/assets/img/user.jpg]
[dreamguys.co.in/smarthr/orange/leaves.html]
[dreamguys.co.in/smarthr/dark/tickets.html]
[dreamguys.co.in/smarthr/orange/departments.html]
[dreamguys.co.in/smarthr/orange/attendance.html]
[dreamguys.co.in/smarthr/orange/designations.html]
[dreamguys.co.in/smarthr/orange/clients.html]
[dreamguys.co.in/smarthr/orange/projects.html]
[dreamguys.co.in/smarthr/orange/tasks.html]
[dreamguys.co.in/smarthr/dark/events.html]
[dreamguys.co.in/smarthr/dark/inbox.html]
[dreamguys.co.in/smarthr/orange/voice-call.html]
[dreamguys.co.in/smarthr/orange/incoming-call.html]
[dreamguys.co.in/smarthr/orange/contacts.html]
[dreamguys.co.in/smarthr/orange/video-call.html]
[dreamguys.co.in/smarthr/orange/leads.html]
[dreamguys.co.in/smarthr/dark/chat.html]
[dreamguys.co.in/smarthr/dark/assets.html]
[dreamguys.co.in/smarthr/dark/users.html]
[dreamguys.co.in/smarthr/orange/invoices.html]
[dreamguys.co.in/smarthr/orange/estimates.html]
[dreamguys.co.in/smarthr/orange/payments.html]
[dreamguys.co.in/smarthr/dark/expense-reports.html]
[dreamguys.co.in/smarthr/dark/invoice-reports.html]
[dreamguys.co.in/smarthr/orange/expenses.html]
[dreamguys.co.in/smarthr/dark/register.html]
[dreamguys.co.in/smarthr/orange/provident-fund.html]
[dreamguys.co.in/smarthr/dark/forgot-password.html]
[dreamguys.co.in/smarthr/orange/taxes.html]
[dreamguys.co.in/smarthr/dark/invoice-view.html]
[dreamguys.co.in/smarthr/orange/salary.html]
[dreamguys.co.in/smarthr/dark/client-profile.html]
[dreamguys.co.in/smarthr/orange/salary-view.html]
[dreamguys.co.in/smarthr/dark/project-view.html]
[dreamguys.co.in/smarthr/orange/worksheet.html]
[dreamguys.co.in/smarthr/orange/jobs.html]
[dreamguys.co.in/smarthr/blue/assets/css/bootstrap.min.css]
[dreamguys.co.in/smarthr/orange/job-applicants.html]
[dreamguys.co.in/smarthr/blue/assets/css/font-awesome.min.css]
[dreamguys.co.in/smarthr/orange/tickets.html]
[dreamguys.co.in/smarthr/orange/events.html]
[dreamguys.co.in/smarthr/orange/inbox.html]
[dreamguys.co.in/smarthr/blue/assets/css/line-awesome.min.css]
[dreamguys.co.in/smarthr/blue/assets/plugins/morris/morris.css]
[dreamguys.co.in/smarthr/orange/chat.html]
[dreamguys.co.in/smarthr/orange/assets.html]
[dreamguys.co.in/smarthr/orange/users.html]
[dreamguys.co.in/smarthr/blue/assets/css/style.css]
[dreamguys.co.in/smarthr/blue/activities.html]
[dreamguys.co.in/smarthr/orange/expense-reports.html]
[dreamguys.co.in/smarthr/orange/invoice-reports.html]
[dreamguys.co.in/smarthr/blue/profile.html]
[dreamguys.co.in/smarthr/orange/register.html]
[dreamguys.co.in/smarthr/orange/forgot-password.html]
[dreamguys.co.in/smarthr/orange/invoice-view.html]
[dreamguys.co.in/smarthr/orange/client-profile.html]
[dreamguys.co.in/smarthr/orange/project-view.html]
[dreamguys.co.in/smarthr/blue/edit-profile.html]
[dreamguys.co.in/smarthr/blue/settings.html]
[dreamguys.co.in/smarthr/blue/login.html]
[dreamguys.co.in/smarthr/orange/assets/js/bootstrap.min.js]
[dreamguys.co.in/smarthr/orange/assets/js/jquery.slimscroll.js]
[dreamguys.co.in/smarthr/orange/assets/js/jquery-3.2.1.min.js]
[dreamguys.co.in/smarthr/orange/assets/plugins/morris/morris.min.js]
[dreamguys.co.in/smarthr/blue/employees.html]
[dreamguys.co.in/smarthr/orange/assets/js/chart.js]
[dreamguys.co.in/smarthr/orange/assets/js/app.js]
[dreamguys.co.in/smarthr/orange/assets/plugins/raphael/raphael-min.js]
[dreamguys.co.in/smarthr/blue/holidays.html]
[dreamguys.co.in/smarthr/purple/assets/css/bootstrap.min.css]
[dreamguys.co.in/smarthr/purple/assets/css/font-awesome.min.css]
[dreamguys.co.in/smarthr/purple/assets/css/line-awesome.min.css]
[dreamguys.co.in/smarthr/purple/assets/plugins/morris/morris.css]
[dreamguys.co.in/smarthr/blue/leaves.html]
[dreamguys.co.in/smarthr/blue/attendance.html]
[dreamguys.co.in/smarthr/purple/assets/css/style.css]
[dreamguys.co.in/smarthr/purple/activities.html]
[dreamguys.co.in/smarthr/blue/departments.html]
[dreamguys.co.in/smarthr/purple/profile.html]
[dreamguys.co.in/smarthr/purple/edit-profile.html]
[dreamguys.co.in/smarthr/blue/designations.html]
[dreamguys.co.in/smarthr/purple/assets/img/favicon.png]
[dreamguys.co.in/smarthr/purple/settings.html]
[dreamguys.co.in/smarthr/purple/login.html]
[dreamguys.co.in/smarthr/purple/assets/img/logo.png]
[dreamguys.co.in/smarthr/purple/employees.html]
[dreamguys.co.in/smarthr/blue/clients.html]
[dreamguys.co.in/smarthr/blue/projects.html]
[dreamguys.co.in/smarthr/purple/holidays.html]
[dreamguys.co.in/smarthr/purple/leaves.html]
[dreamguys.co.in/smarthr/purple/assets/img/user.jpg]
[dreamguys.co.in/smarthr/purple/attendance.html]
[dreamguys.co.in/smarthr/purple/clients.html]
[dreamguys.co.in/smarthr/purple/projects.html]
[dreamguys.co.in/smarthr/purple/departments.html]
[dreamguys.co.in/smarthr/purple/designations.html]
[dreamguys.co.in/smarthr/purple/tasks.html]
[dreamguys.co.in/smarthr/blue/tasks.html]
[dreamguys.co.in/smarthr/purple/voice-call.html]
[dreamguys.co.in/smarthr/purple/video-call.html]
[dreamguys.co.in/smarthr/blue/voice-call.html]
[dreamguys.co.in/smarthr/blue/video-call.html]
[dreamguys.co.in/smarthr/blue/incoming-call.html]
[dreamguys.co.in/smarthr/purple/contacts.html]
[dreamguys.co.in/smarthr/purple/leads.html]
[dreamguys.co.in/smarthr/purple/incoming-call.html]
[dreamguys.co.in/smarthr/purple/estimates.html]
[dreamguys.co.in/smarthr/purple/invoices.html]
[dreamguys.co.in/smarthr/purple/payments.html]
[dreamguys.co.in/smarthr/blue/contacts.html]
[dreamguys.co.in/smarthr/blue/leads.html]
[dreamguys.co.in/smarthr/purple/expenses.html]
[dreamguys.co.in/smarthr/purple/provident-fund.html]
[dreamguys.co.in/smarthr/purple/taxes.html]
[dreamguys.co.in/smarthr/purple/salary.html]
[dreamguys.co.in/smarthr/purple/salary-view.html]
[dreamguys.co.in/smarthr/blue/estimates.html]
[dreamguys.co.in/smarthr/blue/invoices.html]
[dreamguys.co.in/smarthr/blue/payments.html]
[dreamguys.co.in/smarthr/purple/worksheet.html]
[dreamguys.co.in/smarthr/purple/jobs.html]
[dreamguys.co.in/smarthr/purple/job-applicants.html]
[dreamguys.co.in/smarthr/purple/tickets.html]
[dreamguys.co.in/smarthr/blue/expenses.html]
[dreamguys.co.in/smarthr/blue/provident-fund.html]
[dreamguys.co.in/smarthr/purple/events.html]
[dreamguys.co.in/smarthr/purple/inbox.html]
[dreamguys.co.in/smarthr/blue/taxes.html]
[dreamguys.co.in/smarthr/purple/chat.html]
[dreamguys.co.in/smarthr/blue/salary.html]
[dreamguys.co.in/smarthr/purple/assets.html]
[dreamguys.co.in/smarthr/blue/salary-view.html]
[dreamguys.co.in/smarthr/purple/expense-reports.html]
[dreamguys.co.in/smarthr/purple/users.html]
[dreamguys.co.in/smarthr/blue/worksheet.html]
[dreamguys.co.in/smarthr/purple/invoice-reports.html]
[dreamguys.co.in/smarthr/purple/register.html]
[dreamguys.co.in/smarthr/purple/forgot-password.html]
[dreamguys.co.in/smarthr/blue/jobs.html]
[dreamguys.co.in/smarthr/blue/job-applicants.html]
[dreamguys.co.in/smarthr/purple/invoice-view.html]
[dreamguys.co.in/smarthr/purple/client-profile.html]
[dreamguys.co.in/smarthr/purple/assets/js/jquery-3.2.1.min.js]
[dreamguys.co.in/smarthr/blue/tickets.html]
[dreamguys.co.in/smarthr/purple/project-view.html]
[dreamguys.co.in/smarthr/purple/assets/js/jquery.slimscroll.js]
[dreamguys.co.in/smarthr/purple/assets/js/bootstrap.min.js]
[dreamguys.co.in/smarthr/purple/assets/plugins/morris/morris.min.js]
[dreamguys.co.in/smarthr/purple/assets/plugins/raphael/raphael-min.js]
[dreamguys.co.in/smarthr/purple/assets/js/chart.js]
[dreamguys.co.in/smarthr/purple/assets/js/app.js]
[dreamguys.co.in/smarthr/rtl/assets/img/favicon.png]
[dreamguys.co.in/smarthr/rtl/assets/css/bootstrap.min.css]
[dreamguys.co.in/smarthr/rtl/assets/css/bootstrap.rtl.min.css]
[dreamguys.co.in/smarthr/blue/events.html]
[dreamguys.co.in/smarthr/blue/inbox.html]
[dreamguys.co.in/smarthr/rtl/assets/css/font-awesome.min.css]
[dreamguys.co.in/smarthr/rtl/assets/plugins/morris/morris.css]
[dreamguys.co.in/smarthr/rtl/assets/css/line-awesome.min.css]
[dreamguys.co.in/smarthr/rtl/assets/css/style.css]
[dreamguys.co.in/smarthr/blue/chat.html]
[dreamguys.co.in/smarthr/blue/assets.html]
[dreamguys.co.in/smarthr/rtl/activities.html]
[dreamguys.co.in/smarthr/blue/users.html]
[dreamguys.co.in/smarthr/rtl/profile.html]
[dreamguys.co.in/smarthr/rtl/edit-profile.html]
[dreamguys.co.in/smarthr/rtl/settings.html]
[dreamguys.co.in/smarthr/blue/expense-reports.html]
[dreamguys.co.in/smarthr/rtl/login.html]
[dreamguys.co.in/smarthr/blue/invoice-reports.html]
[dreamguys.co.in/smarthr/rtl/employees.html]
[dreamguys.co.in/smarthr/rtl/holidays.html]
[dreamguys.co.in/smarthr/blue/register.html]
[dreamguys.co.in/smarthr/rtl/leaves.html]
[dreamguys.co.in/smarthr/rtl/attendance.html]
[dreamguys.co.in/smarthr/blue/forgot-password.html]
[dreamguys.co.in/smarthr/rtl/departments.html]
[dreamguys.co.in/smarthr/rtl/designations.html]
[dreamguys.co.in/smarthr/blue/invoice-view.html]
[dreamguys.co.in/smarthr/rtl/clients.html]
[dreamguys.co.in/smarthr/rtl/projects.html]
[dreamguys.co.in/smarthr/blue/client-profile.html]
[dreamguys.co.in/smarthr/rtl/tasks.html]
[dreamguys.co.in/smarthr/rtl/assets/img/logo.png]
[dreamguys.co.in/smarthr/rtl/voice-call.html]
[dreamguys.co.in/smarthr/rtl/assets/img/user.jpg]
[dreamguys.co.in/smarthr/blue/project-view.html]
[dreamguys.co.in/smarthr/rtl/video-call.html]
[dreamguys.co.in/smarthr/rtl/incoming-call.html]
[dreamguys.co.in/smarthr/rtl/contacts.html]
[dreamguys.co.in/smarthr/maroon/assets/css/bootstrap.min.css]
[dreamguys.co.in/smarthr/rtl/leads.html]
[dreamguys.co.in/smarthr/rtl/estimates.html]
[dreamguys.co.in/smarthr/maroon/assets/css/font-awesome.min.css]
[dreamguys.co.in/smarthr/maroon/assets/css/line-awesome.min.css]
[dreamguys.co.in/smarthr/maroon/assets/plugins/morris/morris.css]
[dreamguys.co.in/smarthr/rtl/invoices.html]
[dreamguys.co.in/smarthr/rtl/expenses.html]
[dreamguys.co.in/smarthr/rtl/provident-fund.html]
[dreamguys.co.in/smarthr/rtl/payments.html]
[dreamguys.co.in/smarthr/maroon/assets/css/style.css]
[dreamguys.co.in/smarthr/maroon/activities.html]
[dreamguys.co.in/smarthr/maroon/profile.html]
[dreamguys.co.in/smarthr/rtl/taxes.html]
[dreamguys.co.in/smarthr/rtl/salary.html]
[dreamguys.co.in/smarthr/rtl/salary-view.html]
[dreamguys.co.in/smarthr/rtl/worksheet.html]
[dreamguys.co.in/smarthr/rtl/job-applicants.html]
[dreamguys.co.in/smarthr/rtl/events.html]
[dreamguys.co.in/smarthr/rtl/tickets.html]
[dreamguys.co.in/smarthr/rtl/jobs.html]
[dreamguys.co.in/smarthr/rtl/inbox.html]
[dreamguys.co.in/smarthr/rtl/chat.html]
[dreamguys.co.in/smarthr/maroon/edit-profile.html]
[dreamguys.co.in/smarthr/maroon/settings.html]
[dreamguys.co.in/smarthr/maroon/login.html]
[dreamguys.co.in/smarthr/rtl/users.html]
[dreamguys.co.in/smarthr/rtl/assets.html]
[dreamguys.co.in/smarthr/rtl/expense-reports.html]
[dreamguys.co.in/smarthr/rtl/invoice-reports.html]
[dreamguys.co.in/smarthr/maroon/employees.html]
[dreamguys.co.in/smarthr/rtl/register.html]
[dreamguys.co.in/smarthr/rtl/forgot-password.html]
[dreamguys.co.in/smarthr/rtl/invoice-view.html]
[dreamguys.co.in/smarthr/rtl/client-profile.html]
[dreamguys.co.in/smarthr/maroon/holidays.html]
[dreamguys.co.in/smarthr/rtl/project-view.html]
[dreamguys.co.in/smarthr/rtl/assets/js/jquery-3.2.1.min.js]
[dreamguys.co.in/smarthr/maroon/leaves.html]
[dreamguys.co.in/smarthr/maroon/attendance.html]
[dreamguys.co.in/smarthr/maroon/departments.html]
[dreamguys.co.in/smarthr/rtl/assets/js/jquery.slimscroll.js]
[dreamguys.co.in/smarthr/rtl/assets/plugins/morris/morris.min.js]
[dreamguys.co.in/smarthr/rtl/assets/js/bootstrap.min.js]
[dreamguys.co.in/smarthr/maroon/designations.html]
[dreamguys.co.in/smarthr/rtl/assets/plugins/raphael/raphael-min.js]
[dreamguys.co.in/smarthr/rtl/assets/js/chart.js]
[dreamguys.co.in/smarthr/rtl/assets/js/app.js]
[dreamguys.co.in/smarthr/assets/fonts/line-awesomeeb4f.eot]
[dreamguys.co.in/smarthr/maroon/clients.html]
[dreamguys.co.in/smarthr/assets/fonts/line-awesome0176.eot]
[dreamguys.co.in/smarthr/maroon/projects.html]
[dreamguys.co.in/smarthr/maroon/tasks.html]
[dreamguys.co.in/smarthr/assets/fonts/line-awesomeeb4f.woff]
[dreamguys.co.in/smarthr/assets/fonts/line-awesomeeb4f.ttf]
[dreamguys.co.in/smarthr/assets/img/hero-bg.png]
[dreamguys.co.in/smarthr/light/assets/fonts/glyphicons-halflings-regular.eot]
[themeforest.net/images/smileys/grin.png]
[dreamguys.co.in/smarthr/assets/img/footer-bg.png]
[dreamguys.co.in/smarthr/maroon/voice-call.html]
[dreamguys.co.in/smarthr/maroon/video-call.html]
[dreamguys.co.in/smarthr/light/assets/fonts/glyphicons-halflings-regulard41d.eot]
[dreamguys.co.in/smarthr/maroon/incoming-call.html]
[themeforest.net/item/smarthr-bootstrap-admin-panel-template/21153150/comments4658.html]
[dreamguys.co.in/smarthr/light/assets/fonts/glyphicons-halflings-regular.woff]
[dreamguys.co.in/smarthr/light/assets/fonts/glyphicons-halflings-regular.ttf]
[dreamguys.co.in/smarthr/light/assets/fonts/fontawesome-webfont3e6e.eot]
[dreamguys.co.in/smarthr/light/assets/fonts/fontawesome-webfontd41d.eot]
[dreamguys.co.in/smarthr/maroon/contacts.html]
[dreamguys.co.in/smarthr/maroon/leads.html]
[dreamguys.co.in/smarthr/light/assets/fonts/fontawesome-webfont3e6e.woff]
[dreamguys.co.in/smarthr/light/assets/fonts/fontawesome-webfont3e6e.ttf]
[dreamguys.co.in/smarthr/light/assets/fonts/line-awesomeeb4f.eot]
[dreamguys.co.in/smarthr/maroon/estimates.html]
[dreamguys.co.in/smarthr/light/assets/fonts/line-awesomeeb4f.woff]
[dreamguys.co.in/smarthr/light/assets/fonts/line-awesome0176.eot]
[dreamguys.co.in/smarthr/light/assets/fonts/line-awesomeeb4f.ttf]
[dreamguys.co.in/smarthr/light/assets/css/select2.min.css]
[dreamguys.co.in/smarthr/light/assets/img/calander.png]
[dreamguys.co.in/smarthr/maroon/invoices.html]
[dreamguys.co.in/smarthr/maroon/payments.html]
[dreamguys.co.in/smarthr/light/assets/js/bootstrap-datetimepicker.min.js]
[dreamguys.co.in/smarthr/light/assets/js/moment.min.js]
[dreamguys.co.in/smarthr/maroon/expenses.html]
[dreamguys.co.in/smarthr/light/localization.html]
[dreamguys.co.in/smarthr/light/theme-settings.html]
[dreamguys.co.in/smarthr/light/roles-permissions.html]
[dreamguys.co.in/smarthr/light/email-settings.html]
[dreamguys.co.in/smarthr/maroon/provident-fund.html]
[dreamguys.co.in/smarthr/light/invoice-settings.html]
[dreamguys.co.in/smarthr/light/salary-settings.html]
[dreamguys.co.in/smarthr/light/notifications-settings.html]
[dreamguys.co.in/smarthr/light/change-password.html]
[dreamguys.co.in/smarthr/maroon/taxes.html]
[dreamguys.co.in/smarthr/light/job-list.html]
[dreamguys.co.in/smarthr/light/leave-type.html]
[dreamguys.co.in/smarthr/maroon/salary.html]
[dreamguys.co.in/smarthr/light/assets/js/select2.min.js]
[dreamguys.co.in/smarthr/light/employees-list.html]
[dreamguys.co.in/smarthr/maroon/salary-view.html]
[dreamguys.co.in/smarthr/light/assets/js/jquery.dataTables.min.js]
[dreamguys.co.in/smarthr/light/clients-list.html]
[dreamguys.co.in/smarthr/maroon/worksheet.html]
[dreamguys.co.in/smarthr/light/assets/img/logo2.png]
[dreamguys.co.in/smarthr/light/project-list.html]
[dreamguys.co.in/smarthr/light/assets/js/dataTables.bootstrap.min.js]
[dreamguys.co.in/smarthr/maroon/jobs.html]
[dreamguys.co.in/smarthr/light/assets/js/task.js]
[dreamguys.co.in/smarthr/maroon/job-applicants.html]
[dreamguys.co.in/smarthr/light/assets/plugins/summernote/dist/summernote.min.js]
[dreamguys.co.in/smarthr/light/assets/img/attachment.png]
[dreamguys.co.in/smarthr/light/assets/img/user-03.jpg]
[dreamguys.co.in/smarthr/light/assets/img/user-04.jpg]
[dreamguys.co.in/smarthr/maroon/tickets.html]
[dreamguys.co.in/smarthr/light/assets/img/user-05.jpg]
[dreamguys.co.in/smarthr/light/assets/img/user-02.jpg]
[dreamguys.co.in/smarthr/light/assets/img/video-call.jpg]
[dreamguys.co.in/smarthr/light/assets/img/user-06.jpg]
[dreamguys.co.in/smarthr/light/create-estimate.html]
[dreamguys.co.in/smarthr/light/estimate-view.html]
[dreamguys.co.in/smarthr/light/add-contact.html]
[dreamguys.co.in/smarthr/light/edit-estimate.html]
[dreamguys.co.in/smarthr/light/create-invoice.html]
[dreamguys.co.in/smarthr/light/edit-invoice.html]
[dreamguys.co.in/smarthr/light/job-details.html]
[dreamguys.co.in/smarthr/light/ticket-view.html]
[dreamguys.co.in/smarthr/light/assets/css/fullcalendar.min.css]
[dreamguys.co.in/smarthr/maroon/events.html]
[dreamguys.co.in/smarthr/maroon/inbox.html]
[dreamguys.co.in/smarthr/light/compose.html]
[dreamguys.co.in/smarthr/light/mail-view.html]
[dreamguys.co.in/smarthr/light/assets/js/jquery.fullcalendar.js]
[dreamguys.co.in/smarthr/light/assets/js/fullcalendar.min.js]
[dreamguys.co.in/smarthr/dark/assets/fonts/glyphicons-halflings-regular.eot]
[dreamguys.co.in/smarthr/light/assets/js/dropfiles.js]
[dreamguys.co.in/smarthr/light/assets/img/placeholder.png]
[dreamguys.co.in/smarthr/dark/assets/fonts/glyphicons-halflings-regulard41d.eot]
[dreamguys.co.in/smarthr/maroon/chat.html]
[dreamguys.co.in/smarthr/maroon/assets.html]
[dreamguys.co.in/smarthr/maroon/users.html]
[dreamguys.co.in/smarthr/dark/assets/fonts/glyphicons-halflings-regular.woff]
[dreamguys.co.in/smarthr/dark/assets/fonts/glyphicons-halflings-regular.ttf]
[dreamguys.co.in/smarthr/maroon/expense-reports.html]
[dreamguys.co.in/smarthr/dark/assets/fonts/fontawesome-webfont3e6e.eot]
[dreamguys.co.in/smarthr/dark/assets/fonts/fontawesome-webfontd41d.eot]
[dreamguys.co.in/smarthr/dark/assets/fonts/fontawesome-webfont3e6e.woff]
[dreamguys.co.in/smarthr/maroon/invoice-reports.html]
[dreamguys.co.in/smarthr/dark/assets/fonts/fontawesome-webfont3e6e.ttf]
[dreamguys.co.in/smarthr/dark/assets/fonts/line-awesomeeb4f.eot]
[dreamguys.co.in/smarthr/dark/assets/fonts/line-awesome0176.eot]
[dreamguys.co.in/smarthr/dark/assets/fonts/line-awesomeeb4f.woff]
[dreamguys.co.in/smarthr/dark/assets/fonts/line-awesomeeb4f.ttf]
[dreamguys.co.in/smarthr/maroon/register.html]
[dreamguys.co.in/smarthr/dark/assets/css/select2.min.css]
[dreamguys.co.in/smarthr/dark/assets/js/select2.min.js]
[dreamguys.co.in/smarthr/maroon/forgot-password.html]
[dreamguys.co.in/smarthr/dark/assets/js/moment.min.js]
[dreamguys.co.in/smarthr/dark/localization.html]
[dreamguys.co.in/smarthr/maroon/invoice-view.html]
[dreamguys.co.in/smarthr/dark/theme-settings.html]
[dreamguys.co.in/smarthr/dark/roles-permissions.html]
[dreamguys.co.in/smarthr/maroon/client-profile.html]
[dreamguys.co.in/smarthr/dark/email-settings.html]
[dreamguys.co.in/smarthr/dark/invoice-settings.html]
[dreamguys.co.in/smarthr/maroon/project-view.html]
[dreamguys.co.in/smarthr/dark/assets/img/calander.png]
[dreamguys.co.in/smarthr/dark/salary-settings.html]
[dreamguys.co.in/smarthr/dark/assets/js/bootstrap-datetimepicker.min.js]
[dreamguys.co.in/smarthr/dark/leave-type.html]
[dreamguys.co.in/smarthr/dark/notifications-settings.html]
[dreamguys.co.in/smarthr/dark/change-password.html]
[dreamguys.co.in/smarthr/orange/assets/css/bootstrap.min.css]
[dreamguys.co.in/smarthr/orange/assets/css/font-awesome.min.css]
[dreamguys.co.in/smarthr/orange/assets/css/line-awesome.min.css]
[dreamguys.co.in/smarthr/dark/job-list.html]
[dreamguys.co.in/smarthr/dark/employees-list.html]
[dreamguys.co.in/smarthr/orange/assets/plugins/morris/morris.css]
[dreamguys.co.in/smarthr/dark/assets/js/dataTables.bootstrap.min.js]
[dreamguys.co.in/smarthr/dark/assets/css/dataTables.bootstrap.min.css]
[dreamguys.co.in/smarthr/dark/assets/js/jquery.dataTables.min.js]
[dreamguys.co.in/smarthr/dark/clients-list.html]
[dreamguys.co.in/smarthr/dark/assets/plugins/summernote/dist/summernote.css]
[dreamguys.co.in/smarthr/orange/assets/css/style.css]
[dreamguys.co.in/smarthr/dark/project-list.html]
[dreamguys.co.in/smarthr/orange/activities.html]
[dreamguys.co.in/smarthr/dark/assets/plugins/summernote/dist/summernote.min.js]
[dreamguys.co.in/smarthr/dark/assets/js/task.js]
[dreamguys.co.in/smarthr/orange/profile.html]
[dreamguys.co.in/smarthr/dark/assets/img/logo2.png]
[dreamguys.co.in/smarthr/dark/assets/img/attachment.png]
[dreamguys.co.in/smarthr/dark/assets/img/user-03.jpg]
[dreamguys.co.in/smarthr/dark/assets/img/user-04.jpg]
[dreamguys.co.in/smarthr/dark/assets/img/user-05.jpg]
[dreamguys.co.in/smarthr/orange/edit-profile.html]
[dreamguys.co.in/smarthr/dark/add-contact.html]
[dreamguys.co.in/smarthr/dark/assets/img/video-call.jpg]
[dreamguys.co.in/smarthr/dark/create-estimate.html]
[dreamguys.co.in/smarthr/orange/settings.html]
[dreamguys.co.in/smarthr/dark/estimate-view.html]
[dreamguys.co.in/smarthr/dark/edit-estimate.html]
[dreamguys.co.in/smarthr/dark/assets/img/user-02.jpg]
[dreamguys.co.in/smarthr/dark/assets/img/user-06.jpg]
[dreamguys.co.in/smarthr/dark/create-invoice.html]
[dreamguys.co.in/smarthr/dark/edit-invoice.html]
[dreamguys.co.in/smarthr/dark/job-details.html]
[dreamguys.co.in/smarthr/orange/login.html]
[dreamguys.co.in/smarthr/orange/employees.html]
[dreamguys.co.in/smarthr/orange/holidays.html]
[dreamguys.co.in/smarthr/dark/ticket-view.html]
[dreamguys.co.in/smarthr/dark/assets/css/fullcalendar.min.css]
[dreamguys.co.in/smarthr/dark/assets/js/jquery.fullcalendar.js]
[dreamguys.co.in/smarthr/dark/assets/js/fullcalendar.min.js]
[dreamguys.co.in/smarthr/dark/compose.html]
[dreamguys.co.in/smarthr/orange/leaves.html]
[dreamguys.co.in/smarthr/dark/mail-view.html]
[dreamguys.co.in/smarthr/orange/attendance.html]
[dreamguys.co.in/smarthr/dark/assets/js/dropfiles.js]
[dreamguys.co.in/smarthr/dark/assets/img/placeholder.png]
[dreamguys.co.in/smarthr/blue/assets/fonts/glyphicons-halflings-regular.eot]
[dreamguys.co.in/smarthr/blue/assets/fonts/glyphicons-halflings-regulard41d.eot]
[dreamguys.co.in/smarthr/orange/departments.html]
[dreamguys.co.in/smarthr/blue/assets/fonts/glyphicons-halflings-regular.woff]
[dreamguys.co.in/smarthr/blue/assets/fonts/glyphicons-halflings-regular.ttf]
[dreamguys.co.in/smarthr/blue/assets/fonts/fontawesome-webfont3e6e.eot]
[dreamguys.co.in/smarthr/orange/designations.html]
[dreamguys.co.in/smarthr/blue/assets/fonts/fontawesome-webfontd41d.eot]
[dreamguys.co.in/smarthr/blue/assets/fonts/fontawesome-webfont3e6e.woff]
[dreamguys.co.in/smarthr/blue/assets/fonts/fontawesome-webfont3e6e.ttf]
[dreamguys.co.in/smarthr/orange/clients.html]
[dreamguys.co.in/smarthr/blue/assets/fonts/line-awesomeeb4f.eot]
[dreamguys.co.in/smarthr/blue/assets/fonts/line-awesome0176.eot]
[dreamguys.co.in/smarthr/blue/assets/fonts/line-awesomeeb4f.woff]
[dreamguys.co.in/smarthr/blue/assets/css/select2.min.css]
[dreamguys.co.in/smarthr/orange/projects.html]
[dreamguys.co.in/smarthr/blue/assets/css/bootstrap-datetimepicker.min.css]
[dreamguys.co.in/smarthr/blue/assets/js/select2.min.js]
[dreamguys.co.in/smarthr/blue/assets/fonts/line-awesomeeb4f.ttf]
[dreamguys.co.in/smarthr/blue/assets/js/moment.min.js]
[dreamguys.co.in/smarthr/orange/tasks.html]
[dreamguys.co.in/smarthr/orange/voice-call.html]
[dreamguys.co.in/smarthr/blue/localization.html]
[dreamguys.co.in/smarthr/blue/theme-settings.html]
[dreamguys.co.in/smarthr/blue/assets/js/bootstrap-datetimepicker.min.js]
[dreamguys.co.in/smarthr/blue/assets/img/calander.png]
[dreamguys.co.in/smarthr/blue/email-settings.html]
[dreamguys.co.in/smarthr/blue/invoice-settings.html]
[dreamguys.co.in/smarthr/orange/video-call.html]
[dreamguys.co.in/smarthr/orange/incoming-call.html]
[dreamguys.co.in/smarthr/blue/roles-permissions.html]
[dreamguys.co.in/smarthr/blue/notifications-settings.html]
[dreamguys.co.in/smarthr/blue/change-password.html]
[dreamguys.co.in/smarthr/blue/salary-settings.html]
[dreamguys.co.in/smarthr/blue/leave-type.html]
[dreamguys.co.in/smarthr/orange/contacts.html]
[dreamguys.co.in/smarthr/orange/leads.html]
[dreamguys.co.in/smarthr/orange/estimates.html]
[dreamguys.co.in/smarthr/blue/job-list.html]
[dreamguys.co.in/smarthr/blue/employees-list.html]
[dreamguys.co.in/smarthr/blue/assets/css/dataTables.bootstrap.min.css]
[dreamguys.co.in/smarthr/blue/assets/img/logo2.png]
[dreamguys.co.in/smarthr/blue/assets/js/dataTables.bootstrap.min.js]
[dreamguys.co.in/smarthr/blue/clients-list.html]
[dreamguys.co.in/smarthr/blue/assets/js/jquery.dataTables.min.js]
[dreamguys.co.in/smarthr/blue/assets/plugins/summernote/dist/summernote.css]
[dreamguys.co.in/smarthr/orange/invoices.html]
[dreamguys.co.in/smarthr/orange/payments.html]
[dreamguys.co.in/smarthr/blue/project-list.html]
[dreamguys.co.in/smarthr/orange/expenses.html]
[dreamguys.co.in/smarthr/blue/assets/plugins/summernote/dist/summernote.min.js]
[dreamguys.co.in/smarthr/orange/provident-fund.html]
[dreamguys.co.in/smarthr/orange/taxes.html]
[dreamguys.co.in/smarthr/blue/assets/js/task.js]
[dreamguys.co.in/smarthr/orange/salary.html]
[dreamguys.co.in/smarthr/blue/assets/img/attachment.png]
[dreamguys.co.in/smarthr/orange/salary-view.html]
[dreamguys.co.in/smarthr/blue/assets/img/user-03.jpg]
[dreamguys.co.in/smarthr/blue/assets/img/user-04.jpg]
[dreamguys.co.in/smarthr/blue/assets/img/user-05.jpg]
[dreamguys.co.in/smarthr/orange/worksheet.html]
[dreamguys.co.in/smarthr/blue/assets/img/user-06.jpg]
[dreamguys.co.in/smarthr/orange/jobs.html]
[dreamguys.co.in/smarthr/blue/assets/img/video-call.jpg]
[dreamguys.co.in/smarthr/blue/create-estimate.html]
[dreamguys.co.in/smarthr/blue/add-contact.html]
[dreamguys.co.in/smarthr/blue/estimate-view.html]
[dreamguys.co.in/smarthr/orange/job-applicants.html]
[dreamguys.co.in/smarthr/blue/edit-estimate.html]
[dreamguys.co.in/smarthr/blue/create-invoice.html]
[dreamguys.co.in/smarthr/orange/tickets.html]
[dreamguys.co.in/smarthr/blue/edit-invoice.html]
[dreamguys.co.in/smarthr/blue/job-details.html]
[dreamguys.co.in/smarthr/blue/assets/css/fullcalendar.min.css]
[dreamguys.co.in/smarthr/blue/ticket-view.html]
[dreamguys.co.in/smarthr/blue/assets/img/user-02.jpg]
[dreamguys.co.in/smarthr/blue/assets/js/fullcalendar.min.js]
[dreamguys.co.in/smarthr/blue/assets/js/jquery.fullcalendar.js]
[dreamguys.co.in/smarthr/blue/compose.html]
[dreamguys.co.in/smarthr/blue/mail-view.html]
[dreamguys.co.in/smarthr/blue/assets/img/placeholder.png]
[dreamguys.co.in/smarthr/blue/assets/js/dropfiles.js]
[dreamguys.co.in/smarthr/orange/events.html]
[dreamguys.co.in/smarthr/orange/inbox.html]
[dreamguys.co.in/smarthr/maroon/assets/fonts/glyphicons-halflings-regular.eot]
[dreamguys.co.in/smarthr/maroon/assets/fonts/glyphicons-halflings-regulard41d.eot]
[dreamguys.co.in/smarthr/maroon/assets/fonts/glyphicons-halflings-regular.woff]
[dreamguys.co.in/smarthr/orange/chat.html]
[dreamguys.co.in/smarthr/orange/assets.html]
[dreamguys.co.in/smarthr/maroon/assets/fonts/glyphicons-halflings-regular.ttf]
[dreamguys.co.in/smarthr/maroon/assets/fonts/fontawesome-webfont3e6e.eot]
[dreamguys.co.in/smarthr/maroon/assets/fonts/fontawesome-webfontd41d.eot]
[dreamguys.co.in/smarthr/orange/users.html]
[dreamguys.co.in/smarthr/maroon/assets/fonts/fontawesome-webfont3e6e.woff]
[dreamguys.co.in/smarthr/maroon/assets/fonts/fontawesome-webfont3e6e.ttf]
[dreamguys.co.in/smarthr/orange/expense-reports.html]
[dreamguys.co.in/smarthr/maroon/assets/fonts/line-awesomeeb4f.eot]
[dreamguys.co.in/smarthr/maroon/assets/fonts/line-awesome0176.eot]
[dreamguys.co.in/smarthr/maroon/assets/fonts/line-awesomeeb4f.woff]
[dreamguys.co.in/smarthr/orange/invoice-reports.html]
[dreamguys.co.in/smarthr/maroon/assets/css/select2.min.css]
[dreamguys.co.in/smarthr/maroon/assets/css/bootstrap-datetimepicker.min.css]
[dreamguys.co.in/smarthr/orange/register.html]
[dreamguys.co.in/smarthr/maroon/assets/js/select2.min.js]
[dreamguys.co.in/smarthr/maroon/assets/js/moment.min.js]
[dreamguys.co.in/smarthr/orange/forgot-password.html]
[dreamguys.co.in/smarthr/maroon/assets/js/bootstrap-datetimepicker.min.js]
[dreamguys.co.in/smarthr/maroon/localization.html]
[dreamguys.co.in/smarthr/maroon/assets/img/calander.png]
[dreamguys.co.in/smarthr/orange/invoice-view.html]
[dreamguys.co.in/smarthr/maroon/assets/fonts/line-awesomeeb4f.ttf]
[dreamguys.co.in/smarthr/maroon/theme-settings.html]
[dreamguys.co.in/smarthr/orange/client-profile.html]
[dreamguys.co.in/smarthr/maroon/salary-settings.html]
[dreamguys.co.in/smarthr/maroon/roles-permissions.html]
[dreamguys.co.in/smarthr/maroon/email-settings.html]
[dreamguys.co.in/smarthr/maroon/invoice-settings.html]
[dreamguys.co.in/smarthr/maroon/notifications-settings.html]
[dreamguys.co.in/smarthr/orange/project-view.html]
[dreamguys.co.in/smarthr/maroon/change-password.html]
[dreamguys.co.in/smarthr/maroon/leave-type.html]
[dreamguys.co.in/smarthr/purple/assets/css/bootstrap.min.css]
[dreamguys.co.in/smarthr/maroon/job-list.html]
[dreamguys.co.in/smarthr/purple/assets/css/font-awesome.min.css]
[dreamguys.co.in/smarthr/purple/assets/css/line-awesome.min.css]
[dreamguys.co.in/smarthr/maroon/assets/css/dataTables.bootstrap.min.css]
[dreamguys.co.in/smarthr/maroon/employees-list.html]
[dreamguys.co.in/smarthr/purple/assets/plugins/morris/morris.css]
[dreamguys.co.in/smarthr/maroon/assets/js/jquery.dataTables.min.js]
[dreamguys.co.in/smarthr/maroon/assets/js/dataTables.bootstrap.min.js]
[dreamguys.co.in/smarthr/maroon/clients-list.html]
[dreamguys.co.in/smarthr/purple/assets/css/style.css]
[dreamguys.co.in/smarthr/maroon/assets/plugins/summernote/dist/summernote.css]
[dreamguys.co.in/smarthr/purple/activities.html]
[dreamguys.co.in/smarthr/maroon/project-list.html]
[dreamguys.co.in/smarthr/maroon/assets/plugins/summernote/dist/summernote.min.js]
[dreamguys.co.in/smarthr/purple/profile.html]
[dreamguys.co.in/smarthr/maroon/assets/img/logo2.png]
[dreamguys.co.in/smarthr/maroon/assets/js/task.js]
[dreamguys.co.in/smarthr/maroon/assets/img/attachment.png]
[dreamguys.co.in/smarthr/maroon/assets/img/user-03.jpg]
[dreamguys.co.in/smarthr/maroon/assets/img/user-04.jpg]
[dreamguys.co.in/smarthr/maroon/assets/img/user-05.jpg]
[dreamguys.co.in/smarthr/maroon/add-contact.html]
[dreamguys.co.in/smarthr/maroon/assets/img/user-02.jpg]
[dreamguys.co.in/smarthr/maroon/assets/img/user-06.jpg]
[dreamguys.co.in/smarthr/purple/edit-profile.html]
[dreamguys.co.in/smarthr/purple/settings.html]
[dreamguys.co.in/smarthr/maroon/create-estimate.html]
[dreamguys.co.in/smarthr/maroon/estimate-view.html]
[dreamguys.co.in/smarthr/purple/login.html]
[dreamguys.co.in/smarthr/maroon/edit-estimate.html]
[dreamguys.co.in/smarthr/maroon/create-invoice.html]
[dreamguys.co.in/smarthr/maroon/edit-invoice.html]
[dreamguys.co.in/smarthr/maroon/assets/img/video-call.jpg]
[dreamguys.co.in/smarthr/maroon/job-details.html]
[dreamguys.co.in/smarthr/purple/employees.html]
[dreamguys.co.in/smarthr/purple/holidays.html]
[dreamguys.co.in/smarthr/maroon/ticket-view.html]
[dreamguys.co.in/smarthr/maroon/assets/css/fullcalendar.min.css]
[dreamguys.co.in/smarthr/purple/leaves.html]
[dreamguys.co.in/smarthr/purple/attendance.html]
[dreamguys.co.in/smarthr/maroon/assets/js/fullcalendar.min.js]
[dreamguys.co.in/smarthr/purple/departments.html]
[dreamguys.co.in/smarthr/maroon/compose.html]
[dreamguys.co.in/smarthr/maroon/mail-view.html]
[dreamguys.co.in/smarthr/maroon/assets/js/jquery.fullcalendar.js]
[dreamguys.co.in/smarthr/purple/designations.html]
[dreamguys.co.in/smarthr/maroon/assets/js/dropfiles.js]
[dreamguys.co.in/smarthr/maroon/assets/img/placeholder.png]
[dreamguys.co.in/smarthr/purple/clients.html]
[dreamguys.co.in/smarthr/purple/projects.html]
[dreamguys.co.in/smarthr/orange/assets/fonts/glyphicons-halflings-regular.eot]
[dreamguys.co.in/smarthr/orange/assets/fonts/glyphicons-halflings-regulard41d.eot]
[dreamguys.co.in/smarthr/orange/assets/fonts/glyphicons-halflings-regular.woff]
[dreamguys.co.in/smarthr/orange/assets/fonts/fontawesome-webfontd41d.eot]
[dreamguys.co.in/smarthr/orange/assets/fonts/fontawesome-webfont3e6e.eot]
[dreamguys.co.in/smarthr/orange/assets/fonts/glyphicons-halflings-regular.ttf]
[dreamguys.co.in/smarthr/purple/tasks.html]
[dreamguys.co.in/smarthr/purple/voice-call.html]
[dreamguys.co.in/smarthr/orange/assets/fonts/fontawesome-webfont3e6e.woff]
[dreamguys.co.in/smarthr/orange/assets/fonts/fontawesome-webfont3e6e.ttf]
[dreamguys.co.in/smarthr/orange/assets/fonts/line-awesomeeb4f.eot]
[dreamguys.co.in/smarthr/purple/video-call.html]
[dreamguys.co.in/smarthr/orange/assets/fonts/line-awesome0176.eot]
[dreamguys.co.in/smarthr/orange/assets/fonts/line-awesomeeb4f.woff]
[dreamguys.co.in/smarthr/orange/assets/fonts/line-awesomeeb4f.ttf]
[dreamguys.co.in/smarthr/purple/incoming-call.html]
[dreamguys.co.in/smarthr/orange/assets/css/select2.min.css]
[dreamguys.co.in/smarthr/orange/assets/css/bootstrap-datetimepicker.min.css]
[dreamguys.co.in/smarthr/orange/assets/img/calander.png]
[dreamguys.co.in/smarthr/purple/contacts.html]
[dreamguys.co.in/smarthr/orange/localization.html]
[dreamguys.co.in/smarthr/orange/theme-settings.html]
[dreamguys.co.in/smarthr/purple/leads.html]
[dreamguys.co.in/smarthr/orange/roles-permissions.html]
[dreamguys.co.in/smarthr/orange/email-settings.html]
[dreamguys.co.in/smarthr/orange/assets/js/moment.min.js]
[dreamguys.co.in/smarthr/orange/assets/js/bootstrap-datetimepicker.min.js]
[dreamguys.co.in/smarthr/orange/invoice-settings.html]
[dreamguys.co.in/smarthr/purple/estimates.html]
[dreamguys.co.in/smarthr/purple/invoices.html]
[dreamguys.co.in/smarthr/orange/salary-settings.html]
[dreamguys.co.in/smarthr/orange/notifications-settings.html]
[dreamguys.co.in/smarthr/orange/change-password.html]
[dreamguys.co.in/smarthr/purple/payments.html]
[dreamguys.co.in/smarthr/orange/job-list.html]
[dreamguys.co.in/smarthr/orange/leave-type.html]
[dreamguys.co.in/smarthr/purple/expenses.html]
[dreamguys.co.in/smarthr/orange/employees-list.html]
[dreamguys.co.in/smarthr/orange/assets/css/dataTables.bootstrap.min.css]
[dreamguys.co.in/smarthr/purple/provident-fund.html]
[dreamguys.co.in/smarthr/orange/assets/js/jquery.dataTables.min.js]
[dreamguys.co.in/smarthr/orange/assets/js/select2.min.js]
[dreamguys.co.in/smarthr/purple/taxes.html]
[dreamguys.co.in/smarthr/orange/assets/js/dataTables.bootstrap.min.js]
[dreamguys.co.in/smarthr/orange/clients-list.html]
[dreamguys.co.in/smarthr/purple/salary.html]
[dreamguys.co.in/smarthr/purple/salary-view.html]
[dreamguys.co.in/smarthr/orange/project-list.html]
[dreamguys.co.in/smarthr/purple/worksheet.html]
[dreamguys.co.in/smarthr/orange/assets/plugins/summernote/dist/summernote.min.js]
[dreamguys.co.in/smarthr/orange/assets/js/task.js]
[dreamguys.co.in/smarthr/orange/assets/img/logo2.png]
[dreamguys.co.in/smarthr/orange/assets/img/attachment.png]
[dreamguys.co.in/smarthr/purple/jobs.html]
[dreamguys.co.in/smarthr/purple/job-applicants.html]
[dreamguys.co.in/smarthr/orange/assets/img/user-03.jpg]
[dreamguys.co.in/smarthr/orange/assets/img/user-04.jpg]
[dreamguys.co.in/smarthr/orange/assets/img/user-05.jpg]
[dreamguys.co.in/smarthr/orange/assets/img/user-06.jpg]
[dreamguys.co.in/smarthr/purple/tickets.html]
[dreamguys.co.in/smarthr/orange/assets/img/video-call.jpg]
[dreamguys.co.in/smarthr/orange/add-contact.html]
[dreamguys.co.in/smarthr/orange/assets/img/user-02.jpg]
[dreamguys.co.in/smarthr/orange/create-estimate.html]
[dreamguys.co.in/smarthr/orange/estimate-view.html]
[dreamguys.co.in/smarthr/orange/edit-estimate.html]
[dreamguys.co.in/smarthr/orange/create-invoice.html]
[dreamguys.co.in/smarthr/orange/edit-invoice.html]
[dreamguys.co.in/smarthr/purple/events.html]
[dreamguys.co.in/smarthr/purple/inbox.html]
[dreamguys.co.in/smarthr/orange/job-details.html]
[dreamguys.co.in/smarthr/orange/ticket-view.html]
[dreamguys.co.in/smarthr/orange/assets/css/fullcalendar.min.css]
[dreamguys.co.in/smarthr/orange/assets/js/fullcalendar.min.js]
[dreamguys.co.in/smarthr/purple/chat.html]
[dreamguys.co.in/smarthr/purple/assets.html]
[dreamguys.co.in/smarthr/orange/mail-view.html]
[dreamguys.co.in/smarthr/orange/compose.html]
[dreamguys.co.in/smarthr/purple/users.html]
[dreamguys.co.in/smarthr/orange/assets/js/jquery.fullcalendar.js]
[dreamguys.co.in/smarthr/orange/assets/img/placeholder.png]
[dreamguys.co.in/smarthr/purple/expense-reports.html]
[dreamguys.co.in/smarthr/orange/assets/js/dropfiles.js]
[dreamguys.co.in/smarthr/purple/assets/fonts/glyphicons-halflings-regular.eot]
[dreamguys.co.in/smarthr/purple/assets/fonts/glyphicons-halflings-regulard41d.eot]
[dreamguys.co.in/smarthr/purple/invoice-reports.html]
[dreamguys.co.in/smarthr/purple/assets/fonts/glyphicons-halflings-regular.woff]
[dreamguys.co.in/smarthr/purple/assets/fonts/glyphicons-halflings-regular.ttf]
[dreamguys.co.in/smarthr/purple/register.html]
[dreamguys.co.in/smarthr/purple/forgot-password.html]
[dreamguys.co.in/smarthr/purple/assets/fonts/fontawesome-webfont3e6e.eot]
[dreamguys.co.in/smarthr/purple/invoice-view.html]
[dreamguys.co.in/smarthr/purple/assets/fonts/fontawesome-webfontd41d.eot]
[dreamguys.co.in/smarthr/purple/assets/fonts/fontawesome-webfont3e6e.woff]
[dreamguys.co.in/smarthr/purple/client-profile.html]
[dreamguys.co.in/smarthr/purple/assets/fonts/fontawesome-webfont3e6e.ttf]
[dreamguys.co.in/smarthr/purple/assets/fonts/line-awesomeeb4f.eot]
[dreamguys.co.in/smarthr/purple/project-view.html]
[dreamguys.co.in/smarthr/purple/assets/fonts/line-awesome0176.eot]
[dreamguys.co.in/smarthr/purple/assets/fonts/line-awesomeeb4f.woff]
[dreamguys.co.in/smarthr/purple/assets/fonts/line-awesomeeb4f.ttf]
[dreamguys.co.in/smarthr/purple/assets/img/calander.png]
[dreamguys.co.in/smarthr/purple/assets/js/select2.min.js]
[dreamguys.co.in/smarthr/rtl/assets/css/bootstrap.min.css]
[dreamguys.co.in/smarthr/purple/assets/css/bootstrap-datetimepicker.min.css]
[dreamguys.co.in/smarthr/purple/assets/css/select2.min.css]
[dreamguys.co.in/smarthr/rtl/assets/css/bootstrap.rtl.min.css]
[dreamguys.co.in/smarthr/purple/assets/js/bootstrap-datetimepicker.min.js]
[dreamguys.co.in/smarthr/purple/assets/js/moment.min.js]
[dreamguys.co.in/smarthr/purple/theme-settings.html]
[dreamguys.co.in/smarthr/purple/localization.html]
[dreamguys.co.in/smarthr/purple/roles-permissions.html]
[dreamguys.co.in/smarthr/rtl/assets/css/font-awesome.min.css]
[dreamguys.co.in/smarthr/rtl/assets/css/line-awesome.min.css]
[dreamguys.co.in/smarthr/rtl/assets/plugins/morris/morris.css]
[dreamguys.co.in/smarthr/purple/invoice-settings.html]
[dreamguys.co.in/smarthr/purple/email-settings.html]
[dreamguys.co.in/smarthr/purple/salary-settings.html]
[dreamguys.co.in/smarthr/purple/notifications-settings.html]
[dreamguys.co.in/smarthr/rtl/assets/css/style.css]
[dreamguys.co.in/smarthr/rtl/activities.html]
[dreamguys.co.in/smarthr/purple/change-password.html]
[dreamguys.co.in/smarthr/rtl/profile.html]
[dreamguys.co.in/smarthr/purple/leave-type.html]
[dreamguys.co.in/smarthr/purple/job-list.html]
[dreamguys.co.in/smarthr/rtl/edit-profile.html]
[dreamguys.co.in/smarthr/rtl/settings.html]
[dreamguys.co.in/smarthr/purple/employees-list.html]
[dreamguys.co.in/smarthr/purple/assets/css/dataTables.bootstrap.min.css]
[dreamguys.co.in/smarthr/purple/assets/js/jquery.dataTables.min.js]
[dreamguys.co.in/smarthr/purple/assets/img/logo2.png]
[dreamguys.co.in/smarthr/purple/assets/js/dataTables.bootstrap.min.js]
[dreamguys.co.in/smarthr/purple/clients-list.html]
[dreamguys.co.in/smarthr/purple/assets/plugins/summernote/dist/summernote.css]
[dreamguys.co.in/smarthr/rtl/login.html]
[dreamguys.co.in/smarthr/rtl/employees.html]
[dreamguys.co.in/smarthr/rtl/holidays.html]
[dreamguys.co.in/smarthr/purple/project-list.html]
[dreamguys.co.in/smarthr/purple/assets/js/task.js]
[dreamguys.co.in/smarthr/purple/assets/plugins/summernote/dist/summernote.min.js]
[dreamguys.co.in/smarthr/purple/assets/img/attachment.png]
[dreamguys.co.in/smarthr/purple/assets/img/user-03.jpg]
[dreamguys.co.in/smarthr/purple/assets/img/user-04.jpg]
[dreamguys.co.in/smarthr/purple/assets/img/user-05.jpg]
[dreamguys.co.in/smarthr/rtl/leaves.html]
[dreamguys.co.in/smarthr/rtl/attendance.html]
[dreamguys.co.in/smarthr/rtl/departments.html]
[dreamguys.co.in/smarthr/purple/add-contact.html]
[dreamguys.co.in/smarthr/rtl/designations.html]
[dreamguys.co.in/smarthr/purple/create-estimate.html]
[dreamguys.co.in/smarthr/purple/estimate-view.html]
[dreamguys.co.in/smarthr/purple/assets/img/user-02.jpg]
[dreamguys.co.in/smarthr/purple/assets/img/user-06.jpg]
[dreamguys.co.in/smarthr/purple/assets/img/video-call.jpg]
[dreamguys.co.in/smarthr/purple/edit-estimate.html]
[dreamguys.co.in/smarthr/rtl/clients.html]
[dreamguys.co.in/smarthr/purple/create-invoice.html]
[dreamguys.co.in/smarthr/purple/edit-invoice.html]
[dreamguys.co.in/smarthr/rtl/projects.html]
[dreamguys.co.in/smarthr/rtl/tasks.html]
[dreamguys.co.in/smarthr/rtl/voice-call.html]
[dreamguys.co.in/smarthr/purple/ticket-view.html]
[dreamguys.co.in/smarthr/purple/job-details.html]
[dreamguys.co.in/smarthr/purple/assets/css/fullcalendar.min.css]
[dreamguys.co.in/smarthr/purple/assets/js/fullcalendar.min.js]
[dreamguys.co.in/smarthr/purple/compose.html]
[dreamguys.co.in/smarthr/purple/mail-view.html]
[dreamguys.co.in/smarthr/purple/assets/js/jquery.fullcalendar.js]
[dreamguys.co.in/smarthr/rtl/video-call.html]
[dreamguys.co.in/smarthr/rtl/incoming-call.html]
[dreamguys.co.in/smarthr/purple/assets/js/dropfiles.js]
[dreamguys.co.in/smarthr/purple/assets/img/placeholder.png]
[dreamguys.co.in/smarthr/rtl/assets/fonts/glyphicons-halflings-regular.eot]
[dreamguys.co.in/smarthr/rtl/assets/fonts/glyphicons-halflings-regulard41d.eot]
[dreamguys.co.in/smarthr/rtl/contacts.html]
[dreamguys.co.in/smarthr/rtl/leads.html]
[dreamguys.co.in/smarthr/rtl/assets/fonts/glyphicons-halflings-regular.ttf]
[dreamguys.co.in/smarthr/rtl/assets/fonts/glyphicons-halflings-regular.woff]
[dreamguys.co.in/smarthr/rtl/assets/fonts/fontawesome-webfont3e6e.eot]
[dreamguys.co.in/smarthr/rtl/assets/fonts/fontawesome-webfontd41d.eot]
[dreamguys.co.in/smarthr/rtl/assets/fonts/fontawesome-webfont3e6e.woff]
[dreamguys.co.in/smarthr/rtl/assets/fonts/fontawesome-webfont3e6e.ttf]
[dreamguys.co.in/smarthr/rtl/estimates.html]
[dreamguys.co.in/smarthr/rtl/assets/fonts/line-awesomeeb4f.eot]
[dreamguys.co.in/smarthr/rtl/invoices.html]
[dreamguys.co.in/smarthr/rtl/payments.html]
[dreamguys.co.in/smarthr/rtl/expenses.html]
[dreamguys.co.in/smarthr/rtl/assets/fonts/line-awesome0176.eot]
[dreamguys.co.in/smarthr/rtl/assets/fonts/line-awesomeeb4f.woff]
[dreamguys.co.in/smarthr/rtl/assets/fonts/line-awesomeeb4f.ttf]
[dreamguys.co.in/smarthr/rtl/provident-fund.html]
[dreamguys.co.in/smarthr/rtl/assets/css/select2.min.css]
[dreamguys.co.in/smarthr/rtl/assets/css/bootstrap-datetimepicker.min.css]
[dreamguys.co.in/smarthr/rtl/assets/js/select2.min.js]
[dreamguys.co.in/smarthr/rtl/assets/js/moment.min.js]
[dreamguys.co.in/smarthr/rtl/taxes.html]
[dreamguys.co.in/smarthr/rtl/localization.html]
[dreamguys.co.in/smarthr/rtl/assets/js/bootstrap-datetimepicker.min.js]
[dreamguys.co.in/smarthr/rtl/salary.html]
[dreamguys.co.in/smarthr/rtl/theme-settings.html]
[dreamguys.co.in/smarthr/rtl/roles-permissions.html]
[dreamguys.co.in/smarthr/rtl/salary-view.html]
[dreamguys.co.in/smarthr/rtl/email-settings.html]
[dreamguys.co.in/smarthr/rtl/invoice-settings.html]
[dreamguys.co.in/smarthr/rtl/worksheet.html]
[dreamguys.co.in/smarthr/rtl/salary-settings.html]
[dreamguys.co.in/smarthr/rtl/notifications-settings.html]
[dreamguys.co.in/smarthr/rtl/change-password.html]
[dreamguys.co.in/smarthr/rtl/leave-type.html]
[dreamguys.co.in/smarthr/rtl/jobs.html]
[dreamguys.co.in/smarthr/rtl/job-applicants.html]
[dreamguys.co.in/smarthr/rtl/job-list.html]
[dreamguys.co.in/smarthr/rtl/assets/img/calander.png]
[dreamguys.co.in/smarthr/rtl/assets/css/dataTables.bootstrap.min.css]
[dreamguys.co.in/smarthr/rtl/assets/img/logo2.png]
[dreamguys.co.in/smarthr/rtl/employees-list.html]
[dreamguys.co.in/smarthr/rtl/tickets.html]
[dreamguys.co.in/smarthr/rtl/assets/js/dataTables.bootstrap.min.js]
[dreamguys.co.in/smarthr/rtl/clients-list.html]
[dreamguys.co.in/smarthr/rtl/assets/js/jquery.dataTables.min.js]
[dreamguys.co.in/smarthr/rtl/assets/plugins/summernote/dist/summernote.css]
[dreamguys.co.in/smarthr/rtl/project-list.html]
[dreamguys.co.in/smarthr/rtl/assets/plugins/summernote/dist/summernote.min.js]
[dreamguys.co.in/smarthr/rtl/assets/img/attachment.png]
[dreamguys.co.in/smarthr/rtl/assets/js/task.js]
[dreamguys.co.in/smarthr/rtl/events.html]
[dreamguys.co.in/smarthr/rtl/assets/img/user-03.jpg]
[dreamguys.co.in/smarthr/rtl/inbox.html]
[dreamguys.co.in/smarthr/rtl/assets/img/user-04.jpg]
[dreamguys.co.in/smarthr/rtl/assets/img/user-05.jpg]
[dreamguys.co.in/smarthr/rtl/assets/img/user-06.jpg]
[dreamguys.co.in/smarthr/rtl/assets/img/video-call.jpg]
[dreamguys.co.in/smarthr/rtl/chat.html]
[dreamguys.co.in/smarthr/rtl/assets.html]
[dreamguys.co.in/smarthr/rtl/add-contact.html]
[dreamguys.co.in/smarthr/rtl/create-estimate.html]
[dreamguys.co.in/smarthr/rtl/estimate-view.html]
[dreamguys.co.in/smarthr/rtl/users.html]
[dreamguys.co.in/smarthr/rtl/edit-estimate.html]
[dreamguys.co.in/smarthr/rtl/create-invoice.html]
[dreamguys.co.in/smarthr/rtl/edit-invoice.html]
[dreamguys.co.in/smarthr/rtl/job-details.html]
[dreamguys.co.in/smarthr/rtl/ticket-view.html]
[dreamguys.co.in/smarthr/rtl/assets/css/fullcalendar.min.css]
[dreamguys.co.in/smarthr/rtl/expense-reports.html]
[dreamguys.co.in/smarthr/rtl/compose.html]
[dreamguys.co.in/smarthr/rtl/assets/js/jquery.fullcalendar.js]
[dreamguys.co.in/smarthr/rtl/assets/js/fullcalendar.min.js]
[dreamguys.co.in/smarthr/rtl/invoice-reports.html]
[dreamguys.co.in/smarthr/rtl/mail-view.html]
[dreamguys.co.in/smarthr/rtl/register.html]
[dreamguys.co.in/smarthr/rtl/forgot-password.html]
[dreamguys.co.in/smarthr/rtl/invoice-view.html]
[dreamguys.co.in/smarthr/rtl/client-profile.html]
[dreamguys.co.in/smarthr/rtl/project-view.html]
[dreamguys.co.in/smarthr/assets/fonts/line-awesomeeb4f.html]
[dreamguys.co.in/smarthr/rtl/assets/js/dropfiles.js]
[dreamguys.co.in/smarthr/assets/fonts/line-awesomeeb4f.svg]
[dreamguys.co.in/smarthr/assets/css/owl.video.play.html]
[themeforest.net/item/smarthr-bootstrap-admin-panel-template/21153150/comments4658.html]
[dreamguys.co.in/smarthr/light/assets/fonts/glyphicons-halflings-regular.html]
[dreamguys.co.in/smarthr/light/assets/fonts/glyphicons-halflings-regular.svg]
[dreamguys.co.in/smarthr/light/assets/fonts/fontawesome-webfont3e6e.html]
[dreamguys.co.in/smarthr/rtl/assets/img/user-02.jpg]
[dreamguys.co.in/smarthr/light/assets/fonts/fontawesome-webfont3e6e.svg]
[dreamguys.co.in/smarthr/light/assets/fonts/line-awesomeeb4f.html]
[dreamguys.co.in/smarthr/light/assets/fonts/line-awesomeeb4f.svg]
[dreamguys.co.in/smarthr/light/assets/css/select2.min.css]
[dreamguys.co.in/smarthr/light/assets/css/bootstrap-datetimepicker.min.css]
[dreamguys.co.in/smarthr/light/localization.html]
[dreamguys.co.in/smarthr/light/theme-settings.html]
[dreamguys.co.in/smarthr/light/roles-permissions.html]
[dreamguys.co.in/smarthr/light/email-settings.html]
[dreamguys.co.in/smarthr/light/invoice-settings.html]
[dreamguys.co.in/smarthr/light/salary-settings.html]
[dreamguys.co.in/smarthr/light/notifications-settings.html]
[dreamguys.co.in/smarthr/light/change-password.html]
[dreamguys.co.in/smarthr/light/leave-type.html]
[dreamguys.co.in/smarthr/light/job-list.html]
[dreamguys.co.in/smarthr/light/employees-list.html]
[dreamguys.co.in/smarthr/light/assets/css/dataTables.bootstrap.min.css]
[dreamguys.co.in/smarthr/light/clients-list.html]
[dreamguys.co.in/smarthr/light/assets/plugins/summernote/dist/summernote.css]
[dreamguys.co.in/smarthr/light/job-view.html]
[dreamguys.co.in/smarthr/light/project-list.html]
[dreamguys.co.in/smarthr/rtl/assets/img/placeholder.png]
[dreamguys.co.in/smarthr/light/assets/img/logo3.png]
[dreamguys.co.in/smarthr/light/add-contact.html]
[dreamguys.co.in/smarthr/light/assets/plugins/summernote/dist/font/summernoted41d.eot]
[dreamguys.co.in/smarthr/light/assets/plugins/summernote/dist/font/summernote291f.eot]
[dreamguys.co.in/smarthr/light/create-estimate.html]
[dreamguys.co.in/smarthr/light/estimate-view.html]
[dreamguys.co.in/smarthr/light/edit-estimate.html]
[dreamguys.co.in/smarthr/light/create-invoice.html]
[dreamguys.co.in/smarthr/light/edit-invoice.html]
[dreamguys.co.in/smarthr/light/job-details.html]
[dreamguys.co.in/smarthr/light/ticket-view.html]
[dreamguys.co.in/smarthr/light/assets/css/fullcalendar.min.css]
[dreamguys.co.in/smarthr/light/assets/js/jquery-ui.min.html]
[dreamguys.co.in/smarthr/light/compose.html]
[dreamguys.co.in/smarthr/light/mail-view.html]
[dreamguys.co.in/smarthr/dark/assets/fonts/glyphicons-halflings-regular.html]
[dreamguys.co.in/smarthr/dark/assets/fonts/glyphicons-halflings-regular.svg]
[dreamguys.co.in/smarthr/dark/assets/fonts/fontawesome-webfont3e6e.html]
[dreamguys.co.in/smarthr/dark/assets/fonts/fontawesome-webfont3e6e.svg]
[dreamguys.co.in/smarthr/dark/assets/fonts/line-awesomeeb4f.html]
[dreamguys.co.in/smarthr/dark/assets/fonts/line-awesomeeb4f.svg]
[dreamguys.co.in/smarthr/dark/assets/css/select2.min.css]
[dreamguys.co.in/smarthr/dark/assets/css/bootstrap-datetimepicker.min.css]
[dreamguys.co.in/smarthr/dark/localization.html]
[dreamguys.co.in/smarthr/dark/theme-settings.html]
[dreamguys.co.in/smarthr/light/apply-job.html]
[dreamguys.co.in/smarthr/dark/roles-permissions.html]
[dreamguys.co.in/smarthr/dark/email-settings.html]
[dreamguys.co.in/smarthr/dark/invoice-settings.html]
[dreamguys.co.in/smarthr/dark/salary-settings.html]
[dreamguys.co.in/smarthr/dark/notifications-settings.html]
[dreamguys.co.in/smarthr/dark/change-password.html]
[dreamguys.co.in/smarthr/dark/leave-type.html]
[dreamguys.co.in/smarthr/dark/job-list.html]
[dreamguys.co.in/smarthr/dark/job-view.html]
[dreamguys.co.in/smarthr/dark/employees-list.html]
[dreamguys.co.in/smarthr/dark/assets/css/dataTables.bootstrap.min.css]
[dreamguys.co.in/smarthr/dark/clients-list.html]
[dreamguys.co.in/smarthr/dark/assets/plugins/summernote/dist/summernote.css]
[dreamguys.co.in/smarthr/light/assets/plugins/summernote/dist/font/summernote291f.woff]
[dreamguys.co.in/smarthr/dark/project-list.html]
[dreamguys.co.in/smarthr/light/assets/plugins/summernote/dist/font/summernote291f.ttf]
[dreamguys.co.in/smarthr/dark/assets/img/logo3.png]
[dreamguys.co.in/smarthr/dark/add-contact.html]
[dreamguys.co.in/smarthr/dark/assets/plugins/summernote/dist/font/summernote291f.eot]
[dreamguys.co.in/smarthr/dark/create-estimate.html]
[dreamguys.co.in/smarthr/dark/estimate-view.html]
[dreamguys.co.in/smarthr/dark/edit-estimate.html]
[dreamguys.co.in/smarthr/dark/create-invoice.html]
[dreamguys.co.in/smarthr/dark/edit-invoice.html]
[dreamguys.co.in/smarthr/dark/job-details.html]
[dreamguys.co.in/smarthr/dark/assets/plugins/summernote/dist/font/summernoted41d.eot]
[dreamguys.co.in/smarthr/dark/ticket-view.html]
[dreamguys.co.in/smarthr/dark/assets/css/fullcalendar.min.css]
[dreamguys.co.in/smarthr/dark/assets/js/jquery-ui.min.html]
[dreamguys.co.in/smarthr/dark/compose.html]
[dreamguys.co.in/smarthr/dark/mail-view.html]
[dreamguys.co.in/smarthr/blue/assets/fonts/glyphicons-halflings-regular.html]
[dreamguys.co.in/smarthr/blue/assets/fonts/glyphicons-halflings-regular.svg]
[dreamguys.co.in/smarthr/blue/assets/fonts/fontawesome-webfont3e6e.html]
[dreamguys.co.in/smarthr/dark/apply-job.html]
[dreamguys.co.in/smarthr/blue/assets/fonts/fontawesome-webfont3e6e.svg]
[dreamguys.co.in/smarthr/blue/assets/fonts/line-awesomeeb4f.html]
[dreamguys.co.in/smarthr/blue/assets/fonts/line-awesomeeb4f.svg]
[dreamguys.co.in/smarthr/blue/assets/css/select2.min.css]
[dreamguys.co.in/smarthr/blue/assets/css/bootstrap-datetimepicker.min.css]
[dreamguys.co.in/smarthr/blue/localization.html]
[dreamguys.co.in/smarthr/blue/theme-settings.html]
[dreamguys.co.in/smarthr/blue/roles-permissions.html]
[dreamguys.co.in/smarthr/blue/email-settings.html]
[dreamguys.co.in/smarthr/blue/invoice-settings.html]
[dreamguys.co.in/smarthr/blue/salary-settings.html]
[dreamguys.co.in/smarthr/blue/notifications-settings.html]
[dreamguys.co.in/smarthr/blue/change-password.html]
[dreamguys.co.in/smarthr/blue/leave-type.html]
[dreamguys.co.in/smarthr/blue/job-list.html]
[dreamguys.co.in/smarthr/dark/assets/plugins/summernote/dist/font/summernote291f.woff]
[dreamguys.co.in/smarthr/blue/employees-list.html]
[dreamguys.co.in/smarthr/blue/assets/css/dataTables.bootstrap.min.css]
[dreamguys.co.in/smarthr/blue/clients-list.html]
[dreamguys.co.in/smarthr/blue/job-view.html]
[dreamguys.co.in/smarthr/blue/assets/plugins/summernote/dist/summernote.css]
[dreamguys.co.in/smarthr/dark/assets/plugins/summernote/dist/font/summernote291f.ttf]
[dreamguys.co.in/smarthr/blue/project-list.html]
[dreamguys.co.in/smarthr/blue/assets/img/logo3.png]
[dreamguys.co.in/smarthr/blue/assets/plugins/summernote/dist/font/summernote291f.eot]
[dreamguys.co.in/smarthr/blue/add-contact.html]
[dreamguys.co.in/smarthr/blue/create-estimate.html]
[dreamguys.co.in/smarthr/blue/estimate-view.html]
[dreamguys.co.in/smarthr/blue/edit-estimate.html]
[dreamguys.co.in/smarthr/blue/create-invoice.html]
[dreamguys.co.in/smarthr/blue/edit-invoice.html]
[dreamguys.co.in/smarthr/blue/job-details.html]
[dreamguys.co.in/smarthr/blue/assets/plugins/summernote/dist/font/summernoted41d.eot]
[dreamguys.co.in/smarthr/blue/ticket-view.html]
[dreamguys.co.in/smarthr/blue/assets/css/fullcalendar.min.css]
[dreamguys.co.in/smarthr/blue/assets/js/jquery-ui.min.html]
[dreamguys.co.in/smarthr/blue/compose.html]
[dreamguys.co.in/smarthr/blue/mail-view.html]
[dreamguys.co.in/smarthr/maroon/assets/fonts/glyphicons-halflings-regular.html]
[dreamguys.co.in/smarthr/maroon/assets/fonts/glyphicons-halflings-regular.svg]
[dreamguys.co.in/smarthr/maroon/assets/fonts/fontawesome-webfont3e6e.html]
[dreamguys.co.in/smarthr/maroon/assets/fonts/fontawesome-webfont3e6e.svg]
[dreamguys.co.in/smarthr/maroon/assets/fonts/line-awesomeeb4f.html]
[dreamguys.co.in/smarthr/blue/apply-job.html]
[dreamguys.co.in/smarthr/maroon/assets/fonts/line-awesomeeb4f.svg]
[dreamguys.co.in/smarthr/maroon/assets/css/select2.min.css]
[dreamguys.co.in/smarthr/maroon/assets/css/bootstrap-datetimepicker.min.css]
[dreamguys.co.in/smarthr/maroon/localization.html]
[dreamguys.co.in/smarthr/maroon/theme-settings.html]
[dreamguys.co.in/smarthr/maroon/roles-permissions.html]
[dreamguys.co.in/smarthr/maroon/email-settings.html]
[dreamguys.co.in/smarthr/maroon/invoice-settings.html]
[dreamguys.co.in/smarthr/maroon/salary-settings.html]
[dreamguys.co.in/smarthr/maroon/notifications-settings.html]
[dreamguys.co.in/smarthr/maroon/change-password.html]
[dreamguys.co.in/smarthr/maroon/leave-type.html]
[dreamguys.co.in/smarthr/maroon/job-list.html]
[dreamguys.co.in/smarthr/blue/assets/plugins/summernote/dist/font/summernote291f.woff]
[dreamguys.co.in/smarthr/maroon/employees-list.html]
[dreamguys.co.in/smarthr/maroon/assets/css/dataTables.bootstrap.min.css]
[dreamguys.co.in/smarthr/maroon/clients-list.html]
[dreamguys.co.in/smarthr/maroon/job-view.html]
[dreamguys.co.in/smarthr/maroon/assets/plugins/summernote/dist/summernote.css]
[dreamguys.co.in/smarthr/blue/assets/plugins/summernote/dist/font/summernote291f.ttf]
[dreamguys.co.in/smarthr/maroon/project-list.html]
[dreamguys.co.in/smarthr/maroon/assets/img/logo3.png]
[dreamguys.co.in/smarthr/maroon/assets/plugins/summernote/dist/font/summernote291f.eot]
[dreamguys.co.in/smarthr/maroon/add-contact.html]
[dreamguys.co.in/smarthr/maroon/create-estimate.html]
[dreamguys.co.in/smarthr/maroon/estimate-view.html]
[dreamguys.co.in/smarthr/maroon/edit-estimate.html]
[dreamguys.co.in/smarthr/maroon/create-invoice.html]
[dreamguys.co.in/smarthr/maroon/edit-invoice.html]
[dreamguys.co.in/smarthr/maroon/job-details.html]
[dreamguys.co.in/smarthr/maroon/assets/plugins/summernote/dist/font/summernoted41d.eot]
[dreamguys.co.in/smarthr/maroon/ticket-view.html]
[dreamguys.co.in/smarthr/maroon/assets/css/fullcalendar.min.css]
[dreamguys.co.in/smarthr/maroon/assets/js/jquery-ui.min.html]
[dreamguys.co.in/smarthr/maroon/compose.html]
[dreamguys.co.in/smarthr/maroon/mail-view.html]
[dreamguys.co.in/smarthr/orange/assets/fonts/glyphicons-halflings-regular.html]
[dreamguys.co.in/smarthr/orange/assets/fonts/glyphicons-halflings-regular.svg]
[dreamguys.co.in/smarthr/orange/assets/fonts/fontawesome-webfont3e6e.html]
[dreamguys.co.in/smarthr/maroon/apply-job.html]
[dreamguys.co.in/smarthr/orange/assets/fonts/fontawesome-webfont3e6e.svg]
[dreamguys.co.in/smarthr/orange/assets/fonts/line-awesomeeb4f.html]
[dreamguys.co.in/smarthr/orange/assets/fonts/line-awesomeeb4f.svg]
[dreamguys.co.in/smarthr/orange/assets/css/select2.min.css]
[dreamguys.co.in/smarthr/orange/assets/css/bootstrap-datetimepicker.min.css]
[dreamguys.co.in/smarthr/orange/localization.html]
[dreamguys.co.in/smarthr/orange/theme-settings.html]
[dreamguys.co.in/smarthr/orange/roles-permissions.html]
[dreamguys.co.in/smarthr/orange/email-settings.html]
[dreamguys.co.in/smarthr/orange/invoice-settings.html]
[dreamguys.co.in/smarthr/orange/salary-settings.html]
[dreamguys.co.in/smarthr/orange/notifications-settings.html]
[dreamguys.co.in/smarthr/orange/change-password.html]
[dreamguys.co.in/smarthr/orange/leave-type.html]
[dreamguys.co.in/smarthr/orange/job-list.html]
[dreamguys.co.in/smarthr/maroon/assets/plugins/summernote/dist/font/summernote291f.woff]
[dreamguys.co.in/smarthr/orange/employees-list.html]
[dreamguys.co.in/smarthr/orange/assets/css/dataTables.bootstrap.min.css]
[dreamguys.co.in/smarthr/orange/clients-list.html]
[dreamguys.co.in/smarthr/maroon/assets/plugins/summernote/dist/font/summernote291f.ttf]
[dreamguys.co.in/smarthr/orange/assets/img/logo3.png]
[dreamguys.co.in/smarthr/orange/job-view.html]
[dreamguys.co.in/smarthr/orange/assets/plugins/summernote/dist/font/summernoted41d.eot]
[dreamguys.co.in/smarthr/orange/assets/plugins/summernote/dist/font/summernote291f.eot]
[dreamguys.co.in/smarthr/orange/assets/plugins/summernote/dist/summernote.css]
[dreamguys.co.in/smarthr/orange/project-list.html]
[dreamguys.co.in/smarthr/orange/add-contact.html]
[dreamguys.co.in/smarthr/orange/create-estimate.html]
[dreamguys.co.in/smarthr/orange/estimate-view.html]
[dreamguys.co.in/smarthr/orange/edit-estimate.html]
[dreamguys.co.in/smarthr/orange/create-invoice.html]
[dreamguys.co.in/smarthr/orange/edit-invoice.html]
[dreamguys.co.in/smarthr/orange/job-details.html]
[dreamguys.co.in/smarthr/orange/ticket-view.html]
[dreamguys.co.in/smarthr/orange/assets/css/fullcalendar.min.css]
[dreamguys.co.in/smarthr/orange/assets/js/jquery-ui.min.html]
[dreamguys.co.in/smarthr/orange/compose.html]
[dreamguys.co.in/smarthr/orange/mail-view.html]
[dreamguys.co.in/smarthr/purple/assets/fonts/glyphicons-halflings-regular.html]
[dreamguys.co.in/smarthr/purple/assets/fonts/glyphicons-halflings-regular.svg]
[dreamguys.co.in/smarthr/purple/assets/fonts/fontawesome-webfont3e6e.html]
[dreamguys.co.in/smarthr/orange/apply-job.html]
[dreamguys.co.in/smarthr/purple/assets/fonts/fontawesome-webfont3e6e.svg]
[dreamguys.co.in/smarthr/purple/assets/fonts/line-awesomeeb4f.html]
[dreamguys.co.in/smarthr/purple/assets/fonts/line-awesomeeb4f.svg]
[dreamguys.co.in/smarthr/purple/assets/css/select2.min.css]
[dreamguys.co.in/smarthr/purple/assets/css/bootstrap-datetimepicker.min.css]
[dreamguys.co.in/smarthr/purple/localization.html]
[dreamguys.co.in/smarthr/purple/theme-settings.html]
[dreamguys.co.in/smarthr/purple/roles-permissions.html]
[dreamguys.co.in/smarthr/purple/email-settings.html]
[dreamguys.co.in/smarthr/purple/invoice-settings.html]
[dreamguys.co.in/smarthr/purple/salary-settings.html]
[dreamguys.co.in/smarthr/purple/notifications-settings.html]
[dreamguys.co.in/smarthr/purple/change-password.html]
[dreamguys.co.in/smarthr/purple/leave-type.html]
[dreamguys.co.in/smarthr/purple/job-list.html]
[dreamguys.co.in/smarthr/purple/job-view.html]
[dreamguys.co.in/smarthr/purple/employees-list.html]
[dreamguys.co.in/smarthr/purple/assets/css/dataTables.bootstrap.min.css]
[dreamguys.co.in/smarthr/purple/clients-list.html]
[dreamguys.co.in/smarthr/purple/assets/plugins/summernote/dist/summernote.css]
[dreamguys.co.in/smarthr/orange/assets/plugins/summernote/dist/font/summernote291f.ttf]
[dreamguys.co.in/smarthr/orange/assets/plugins/summernote/dist/font/summernote291f.woff]
[dreamguys.co.in/smarthr/purple/project-list.html]
[dreamguys.co.in/smarthr/purple/assets/img/logo3.png]
[dreamguys.co.in/smarthr/purple/assets/plugins/summernote/dist/font/summernote291f.eot]
[dreamguys.co.in/smarthr/purple/add-contact.html]
[dreamguys.co.in/smarthr/purple/create-estimate.html]
[dreamguys.co.in/smarthr/purple/estimate-view.html]
[dreamguys.co.in/smarthr/purple/edit-estimate.html]
[dreamguys.co.in/smarthr/purple/create-invoice.html]
[dreamguys.co.in/smarthr/purple/edit-invoice.html]
[dreamguys.co.in/smarthr/purple/job-details.html]
[dreamguys.co.in/smarthr/purple/apply-job.html]
[dreamguys.co.in/smarthr/purple/ticket-view.html]
[dreamguys.co.in/smarthr/purple/assets/css/fullcalendar.min.css]
[dreamguys.co.in/smarthr/purple/assets/js/jquery-ui.min.html]
[dreamguys.co.in/smarthr/purple/compose.html]
[dreamguys.co.in/smarthr/purple/mail-view.html]
[dreamguys.co.in/smarthr/rtl/assets/fonts/glyphicons-halflings-regular.html]
[dreamguys.co.in/smarthr/rtl/assets/fonts/glyphicons-halflings-regular.svg]
[dreamguys.co.in/smarthr/rtl/assets/fonts/fontawesome-webfont3e6e.html]
[dreamguys.co.in/smarthr/rtl/assets/fonts/fontawesome-webfont3e6e.svg]
[dreamguys.co.in/smarthr/rtl/assets/fonts/line-awesomeeb4f.html]
[dreamguys.co.in/smarthr/rtl/assets/fonts/line-awesomeeb4f.svg]
[dreamguys.co.in/smarthr/rtl/assets/css/select2.min.css]
[dreamguys.co.in/smarthr/rtl/assets/css/bootstrap-datetimepicker.min.css]
[dreamguys.co.in/smarthr/rtl/localization.html]
[dreamguys.co.in/smarthr/rtl/theme-settings.html]
[dreamguys.co.in/smarthr/purple/assets/plugins/summernote/dist/font/summernoted41d.eot]
[dreamguys.co.in/smarthr/purple/assets/plugins/summernote/dist/font/summernote291f.woff]
[dreamguys.co.in/smarthr/rtl/roles-permissions.html]
[dreamguys.co.in/smarthr/rtl/email-settings.html]
[dreamguys.co.in/smarthr/rtl/invoice-settings.html]
[dreamguys.co.in/smarthr/rtl/salary-settings.html]
[dreamguys.co.in/smarthr/rtl/notifications-settings.html]
[dreamguys.co.in/smarthr/rtl/change-password.html]
[dreamguys.co.in/smarthr/rtl/leave-type.html]
[dreamguys.co.in/smarthr/rtl/job-list.html]
[dreamguys.co.in/smarthr/rtl/employees-list.html]
[dreamguys.co.in/smarthr/rtl/assets/css/dataTables.bootstrap.min.css]
[dreamguys.co.in/smarthr/rtl/clients-list.html]
[dreamguys.co.in/smarthr/purple/assets/plugins/summernote/dist/font/summernote291f.ttf]
[dreamguys.co.in/smarthr/rtl/assets/img/logo3.png]
[dreamguys.co.in/smarthr/rtl/assets/plugins/summernote/dist/font/summernoted41d.eot]
[dreamguys.co.in/smarthr/rtl/job-view.html]
[dreamguys.co.in/smarthr/rtl/assets/plugins/summernote/dist/font/summernote291f.eot]
[dreamguys.co.in/smarthr/rtl/assets/plugins/summernote/dist/summernote.css]
[dreamguys.co.in/smarthr/rtl/project-list.html]
[dreamguys.co.in/smarthr/rtl/add-contact.html]
[dreamguys.co.in/smarthr/rtl/create-estimate.html]
[dreamguys.co.in/smarthr/rtl/estimate-view.html]
[dreamguys.co.in/smarthr/rtl/edit-estimate.html]
[dreamguys.co.in/smarthr/rtl/create-invoice.html]
[dreamguys.co.in/smarthr/rtl/edit-invoice.html]
[dreamguys.co.in/smarthr/rtl/job-details.html]
[dreamguys.co.in/smarthr/rtl/ticket-view.html]
[dreamguys.co.in/smarthr/rtl/assets/css/fullcalendar.min.css]
[dreamguys.co.in/smarthr/rtl/assets/js/jquery-ui.min.html]
[dreamguys.co.in/smarthr/rtl/compose.html]
[dreamguys.co.in/smarthr/rtl/mail-view.html]
[dreamguys.co.in/smarthr/light/job-view.html]
[dreamguys.co.in/smarthr/light/apply-job.html]
[dreamguys.co.in/smarthr/dark/job-view.html]
[dreamguys.co.in/smarthr/dark/apply-job.html]
[dreamguys.co.in/smarthr/blue/job-view.html]
[dreamguys.co.in/smarthr/blue/apply-job.html]
[dreamguys.co.in/smarthr/maroon/job-view.html]
[dreamguys.co.in/smarthr/maroon/apply-job.html]
[dreamguys.co.in/smarthr/orange/job-view.html]
[dreamguys.co.in/smarthr/orange/apply-job.html]
[dreamguys.co.in/smarthr/purple/job-view.html]
[dreamguys.co.in/smarthr/purple/apply-job.html]
[dreamguys.co.in/smarthr/rtl/job-view.html]
[dreamguys.co.in/smarthr/rtl/apply-job.html]
[dreamguys.co.in/smarthr/rtl/assets/plugins/summernote/dist/font/summernote291f.woff]
[dreamguys.co.in/smarthr/rtl/assets/plugins/summernote/dist/font/summernote291f.ttf]
[dreamguys.co.in/smarthr/rtl/apply-job.html]
